Component: ARM Compiler 5.06 update 7 (build 960) Tool: armlink [4d3601]

==============================================================================

Section Cross References

    startup_stm32f407xx.o(RESET) refers to startup_stm32f407xx.o(STACK) for __initial_sp
    startup_stm32f407xx.o(RESET) refers to startup_stm32f407xx.o(.text) for Reset_Handler
    startup_stm32f407xx.o(RESET) refers to stm32f4xx_it.o(i.NMI_Handler) for NMI_Handler
    startup_stm32f407xx.o(RESET) refers to stm32f4xx_it.o(i.HardFault_Handler) for HardFault_Handler
    startup_stm32f407xx.o(RESET) refers to stm32f4xx_it.o(i.MemManage_Handler) for MemManage_Handler
    startup_stm32f407xx.o(RESET) refers to stm32f4xx_it.o(i.BusFault_Handler) for BusFault_Handler
    startup_stm32f407xx.o(RESET) refers to stm32f4xx_it.o(i.UsageFault_Handler) for UsageFault_Handler
    startup_stm32f407xx.o(RESET) refers to port.o(.emb_text) for SVC_Handler
    startup_stm32f407xx.o(RESET) refers to stm32f4xx_it.o(i.DebugMon_Handler) for DebugMon_Handler
    startup_stm32f407xx.o(RESET) refers to port.o(i.SysTick_Handler) for SysTick_Handler
    startup_stm32f407xx.o(RESET) refers to stm32f4xx_it.o(i.DMA1_Stream1_IRQHandler) for DMA1_Stream1_IRQHandler
    startup_stm32f407xx.o(RESET) refers to stm32f4xx_it.o(i.DMA1_Stream3_IRQHandler) for DMA1_Stream3_IRQHandler
    startup_stm32f407xx.o(RESET) refers to stm32f4xx_it.o(i.USART3_IRQHandler) for USART3_IRQHandler
    startup_stm32f407xx.o(RESET) refers to stm32f4xx_it.o(i.TIM8_TRG_COM_TIM14_IRQHandler) for TIM8_TRG_COM_TIM14_IRQHandler
    startup_stm32f407xx.o(RESET) refers to stm32f4xx_it.o(i.SDIO_IRQHandler) for SDIO_IRQHandler
    startup_stm32f407xx.o(RESET) refers to stm32f4xx_it.o(i.DMA2_Stream3_IRQHandler) for DMA2_Stream3_IRQHandler
    startup_stm32f407xx.o(RESET) refers to stm32f4xx_it.o(i.ETH_IRQHandler) for ETH_IRQHandler
    startup_stm32f407xx.o(RESET) refers to stm32f4xx_it.o(i.DMA2_Stream6_IRQHandler) for DMA2_Stream6_IRQHandler
    startup_stm32f407xx.o(.text) refers to system_stm32f4xx.o(i.SystemInit) for SystemInit
    startup_stm32f407xx.o(.text) refers to entry.o(.ARM.Collect$$$$00000000) for __main
    main.o(i.Error_Handler) refers to stm32f4xx_hal_gpio.o(i.HAL_GPIO_WritePin) for HAL_GPIO_WritePin
    main.o(i.Error_Handler) refers to stm32f4xx_hal_gpio.o(i.HAL_GPIO_TogglePin) for HAL_GPIO_TogglePin
    main.o(i.Error_Handler) refers to stm32f4xx_hal_uart.o(i.HAL_UART_Transmit) for HAL_UART_Transmit
    main.o(i.Error_Handler) refers to usart.o(.bss) for huart1
    main.o(i.HAL_TIM_PeriodElapsedCallback) refers to stm32f4xx_hal.o(i.HAL_IncTick) for HAL_IncTick
    main.o(i.HAL_UART_RxCpltCallback) refers to stm32f4xx_hal_uart.o(i.HAL_UART_Receive_IT) for HAL_UART_Receive_IT
    main.o(i.HAL_UART_RxCpltCallback) refers to freertos.o(.data) for wwan_receive_temp
    main.o(i.HAL_UART_RxCpltCallback) refers to freertos.o(.bss) for wwan_receive_buffer
    main.o(i.HAL_UART_RxCpltCallback) refers to freertos.o(.data) for wwan_receive_count
    main.o(i.HAL_UART_RxCpltCallback) refers to usart.o(.bss) for huart3
    main.o(i.Key_Scan) refers to stm32f4xx_hal_gpio.o(i.HAL_GPIO_ReadPin) for HAL_GPIO_ReadPin
    main.o(i.Key_Scan) refers to cmsis_os.o(i.osDelay) for osDelay
    main.o(i.SystemClock_Config) refers to stm32f4xx_hal_rcc.o(i.HAL_RCC_OscConfig) for HAL_RCC_OscConfig
    main.o(i.SystemClock_Config) refers to stm32f4xx_hal_gpio.o(i.HAL_GPIO_WritePin) for HAL_GPIO_WritePin
    main.o(i.SystemClock_Config) refers to stm32f4xx_hal_gpio.o(i.HAL_GPIO_TogglePin) for HAL_GPIO_TogglePin
    main.o(i.SystemClock_Config) refers to stm32f4xx_hal_uart.o(i.HAL_UART_Transmit) for HAL_UART_Transmit
    main.o(i.SystemClock_Config) refers to stm32f4xx_hal_rcc.o(i.HAL_RCC_ClockConfig) for HAL_RCC_ClockConfig
    main.o(i.SystemClock_Config) refers to main.o(i.Error_Handler) for i.Error_Handler
    main.o(i.SystemClock_Config) refers to usart.o(.bss) for huart1
    main.o(i.bsp_TestExtSRAM) refers to printfa.o(i.__0printf) for __2printf
    main.o(i.fputc) refers to stm32f4xx_hal_uart.o(i.HAL_UART_Transmit) for HAL_UART_Transmit
    main.o(i.fputc) refers to usart.o(.bss) for huart1
    main.o(i.main) refers to stm32f4xx_hal.o(i.HAL_Init) for HAL_Init
    main.o(i.main) refers to main.o(i.SystemClock_Config) for SystemClock_Config
    main.o(i.main) refers to gpio.o(i.MX_GPIO_Init) for MX_GPIO_Init
    main.o(i.main) refers to fsmc.o(i.MX_FSMC_Init) for MX_FSMC_Init
    main.o(i.main) refers to spi.o(i.MX_SPI1_Init) for MX_SPI1_Init
    main.o(i.main) refers to spi.o(i.MX_SPI2_Init) for MX_SPI2_Init
    main.o(i.main) refers to usart.o(i.MX_USART1_UART_Init) for MX_USART1_UART_Init
    main.o(i.main) refers to usart.o(i.MX_USART6_UART_Init) for MX_USART6_UART_Init
    main.o(i.main) refers to i2c.o(i.MX_I2C1_Init) for MX_I2C1_Init
    main.o(i.main) refers to adc.o(i.MX_ADC1_Init) for MX_ADC1_Init
    main.o(i.main) refers to adc.o(i.MX_ADC2_Init) for MX_ADC2_Init
[...]
    signal_quality                           0x200001ec   Data           8  freertos.o(.data)
    page0_logo                               0x200001f4   Data          10  freertos.o(.data)
    page1_vainfo                             0x200001fe   Data          10  freertos.o(.data)
    page2_wattinfo                           0x20000208   Data          10  freertos.o(.data)
    sim_status                               0x20000212   Data          10  freertos.o(.data)
    network_regstate                         0x2000021c   Data          10  freertos.o(.data)
    gprs_attachstate                         0x20000226   Data          11  freertos.o(.data)
    transparent_mode                         0x20000231   Data          14  freertos.o(.data)
    single_connection                        0x2000023f   Data          13  freertos.o(.data)
    cmcc_apn                                 0x2000024c   Data          24  freertos.o(.data)
    activate_mobile                          0x20000264   Data          10  freertos.o(.data)
    get_ip                                   0x2000026e   Data          10  freertos.o(.data)
    save_param                               0x20000278   Data          13  freertos.o(.data)
    start_connection                         0x20000285   Data          38  freertos.o(.data)
    time_sync                                0x200002ab   Data           9  freertos.o(.data)
    get_time                                 0x200002b4   Data          10  freertos.o(.data)
    wwan_receive_count                       0x200002be   Data           1  freertos.o(.data)
    CONFIG2dat                               0x200002bf   Data           1  freertos.o(.data)
    MMODEdat                                 0x200002c0   Data           1  freertos.o(.data)
    GAINdat                                  0x200002c1   Data           2  freertos.o(.data)
    Status_0                                 0x200002c3   Data           4  freertos.o(.data)
    MASK0_data                               0x200002c7   Data           4  freertos.o(.data)
    server_port                              0x200002d4   Data           2  udp_client.o(.data)
    server_ip                                0x200002d6   Data           4  udp_client.o(.data)
    upcb                                     0x200002dc   Data           4  udp_client.o(.data)
    retSD                                    0x200002e8   Data           1  fatfs.o(.data)
    SDPath                                   0x200002e9   Data           4  fatfs.o(.data)
    s_xSemaphore                             0x200002f0   Data           4  ethernetif.o(.data)
    Netif_LinkSemaphore                      0x200002f4   Data           4  lwip.o(.data)
    ipaddr                                   0x200002f8   Data           4  lwip.o(.data)
    netmask                                  0x200002fc   Data           4  lwip.o(.data)
    gw                                       0x20000300   Data           4  lwip.o(.data)
    link_arg                                 0x20000304   Data           8  lwip.o(.data)
    uwTickFreq                               0x2000030c   Data           1  stm32f4xx_hal.o(.data)
    uwTickPrio                               0x20000310   Data           4  stm32f4xx_hal.o(.data)
    uwTick                                   0x20000314   Data           4  stm32f4xx_hal.o(.data)
    SystemCoreClock                          0x20000318   Data           4  system_stm32f4xx.o(.data)
    pxCurrentTCB                             0x20000324   Data           4  tasks.o(.data)
    lock_tcpip_core                          0x20000398   Data           4  tcpip.o(.data)
    netif_list                               0x200003e4   Data           4  netif.o(.data)
    netif_default                            0x200003e8   Data           4  netif.o(.data)
    tcp_active_pcbs_changed                  0x200003ec   Data           1  tcp.o(.data)
    tcp_ticks                                0x200003f8   Data           4  tcp.o(.data)
    tcp_bound_pcbs                           0x200003fc   Data           4  tcp.o(.data)
    tcp_listen_pcbs                          0x20000400   Data           4  tcp.o(.data)
    tcp_active_pcbs                          0x20000404   Data           4  tcp.o(.data)
    tcp_tw_pcbs                              0x20000408   Data           4  tcp.o(.data)
    tcp_input_pcb                            0x2000042c   Data           4  tcp_in.o(.data)
    udp_pcbs                                 0x20000440   Data           4  udp.o(.data)
    dhcp_rx_options_given                    0x20000450   Data           8  dhcp.o(.data)
    lwip_sys_mutex                           0x20000464   Data           4  sys_arch.o(.data)
    __stdout                                 0x2000046c   Data           4  stdout.o(.data)
    time_set                                 0x20000470   Data          20  freertos.o(.bss)
    time_get                                 0x20000484   Data          20  freertos.o(.bss)
    AIRMSReg                                 0x20000498   Data          80  freertos.o(.bss)
    AVRMSReg                                 0x200004e8   Data          80  freertos.o(.bss)
    BIRMSReg                                 0x20000538   Data          80  freertos.o(.bss)
    BVRMSReg                                 0x20000588   Data          80  freertos.o(.bss)
    CIRMSReg                                 0x200005d8   Data          80  freertos.o(.bss)
    CVRMSReg                                 0x20000628   Data          80  freertos.o(.bss)
    NIRMSReg                                 0x20000678   Data          80  freertos.o(.bss)
    wwan_receive_buffer                      0x200006c8   Data         200  freertos.o(.bss)
    VPEAKReg                                 0x20000790   Data          80  freertos.o(.bss)
    IPEAKReg                                 0x200007e0   Data          80  freertos.o(.bss)
    hadc1                                    0x20000a84   Data          72  adc.o(.bss)
    hadc2                                    0x20000acc   Data          72  adc.o(.bss)
    hadc3                                    0x20000b14   Data          72  adc.o(.bss)
    hsram1                                   0x20000b5c   Data          80  fsmc.o(.bss)
    hi2c1                                    0x20000bac   Data          84  i2c.o(.bss)
    hiwdg                                    0x20000c00   Data          12  iwdg.o(.bss)
    hrtc                                     0x20000c0c   Data          32  rtc.o(.bss)
    hsd                                      0x20000c2c   Data         132  sdio.o(.bss)
    hdma_sdio_rx                             0x20000cb0   Data          96  sdio.o(.bss)
    hdma_sdio_tx                             0x20000d10   Data          96  sdio.o(.bss)
    hspi1                                    0x20000d70   Data          88  spi.o(.bss)
    hspi2                                    0x20000dc8   Data          88  spi.o(.bss)
    huart1                                   0x20000e20   Data          68  usart.o(.bss)
    huart3                                   0x20000e64   Data          68  usart.o(.bss)
    huart6                                   0x20000ea8   Data          68  usart.o(.bss)
    hdma_usart3_rx                           0x20000eec   Data          96  usart.o(.bss)
    hdma_usart3_tx                           0x20000f4c   Data          96  usart.o(.bss)
    htim14                                   0x20000fac   Data          72  stm32f4xx_hal_timebase_tim.o(.bss)
    SDFatFS                                  0x20000ff4   Data         568  fatfs.o(.bss)
    SDFile                                   0x2000122c   Data         560  fatfs.o(.bss)
    DMARxDscrTab                             0x2000145c   Data         128  ethernetif.o(.bss)
    DMATxDscrTab                             0x200014dc   Data         128  ethernetif.o(.bss)
    Rx_Buff                                  0x2000155c   Data        6096  ethernetif.o(.bss)
    Tx_Buff                                  0x20002d2c   Data        6096  ethernetif.o(.bss)
    heth                                     0x200044fc   Data          72  ethernetif.o(.bss)
    gnetif                                   0x20004544   Data          56  lwip.o(.bss)
    disk                                     0x2000459c   Data          12  ff_gen_drv.o(.bss)
    xQueueRegistry                           0x200045a8   Data          64  queue.o(.bss)
    ip_data                                  0x2000e6d8   Data          24  ip.o(.bss)
    ram_heap                                 0x2000e6f0   Data        1619  mem.o(.bss)
    memp_memory_UDP_PCB_base                 0x2000ed43   Data         131  memp.o(.bss)
    memp_memory_TCP_PCB_base                 0x2000edc6   Data         763  memp.o(.bss)
    memp_memory_TCP_PCB_LISTEN_base          0x2000f0c1   Data         227  memp.o(.bss)
    memp_memory_TCP_SEG_base                 0x2000f1a4   Data         259  memp.o(.bss)
    memp_memory_REASSDATA_base               0x2000f2a7   Data         163  memp.o(.bss)
    memp_memory_FRAG_PBUF_base               0x2000f34a   Data         363  memp.o(.bss)
    memp_memory_NETBUF_base                  0x2000f4b5   Data          35  memp.o(.bss)
    memp_memory_NETCONN_base                 0x2000f4d8   Data         163  memp.o(.bss)
    memp_memory_TCPIP_MSG_API_base           0x2000f57b   Data         131  memp.o(.bss)
    memp_memory_TCPIP_MSG_INPKT_base         0x2000f5fe   Data         131  memp.o(.bss)
    memp_memory_SYS_TIMEOUT_base             0x2000f681   Data          83  memp.o(.bss)
    memp_memory_PBUF_base                    0x2000f6d4   Data         259  memp.o(.bss)
    memp_memory_PBUF_POOL_base               0x2000f7d7   Data        9731  memp.o(.bss)
    dhcp_rx_options_val                      0x20011dec   Data          32  dhcp.o(.bss)
    __initial_sp                             0x20015f00   Data           0  startup_stm32f407xx.o(STACK)
    testValue                                0x68000000   Data           1  main.o(.ARM.__AT_0x68000000)



==============================================================================

Memory Map of the image

  Image Entry point : 0x08000189

  Load Region LR_IROM1 (Base: 0x08000000, Size: 0x00047cc0, Max: 0x00080000, ABSOLUTE, COMPRESSED[0x00047938])

    Execution Region ER_IROM1 (Exec base: 0x08000000, Load base: 0x08000000, Size: 0x00047850, Max: 0x00080000, ABSOLUTE)

    Exec Addr    Load Addr    Size         Type   Attr      Idx    E Section Name        Object

    0x08000000   0x08000000   0x00000188   Data   RO            3    RESET               startup_stm32f407xx.o
    0x08000188   0x08000188   0x00000000   Code   RO        12422  * .ARM.Collect$$$$00000000  mc_w.l(entry.o)
    0x08000188   0x08000188   0x00000004   Code   RO        12741    .ARM.Collect$$$$00000001  mc_w.l(entry2.o)
    0x0800018c   0x0800018c   0x00000004   Code   RO        12744    .ARM.Collect$$$$00000004  mc_w.l(entry5.o)
    0x08000190   0x08000190   0x00000000   Code   RO        12746    .ARM.Collect$$$$00000008  mc_w.l(entry7b.o)
    0x08000190   0x08000190   0x00000000   Code   RO        12748    .ARM.Collect$$$$0000000A  mc_w.l(entry8b.o)
    0x08000190   0x08000190   0x00000008   Code   RO        12749    .ARM.Collect$$$$0000000B  mc_w.l(entry9a.o)
    0x08000198   0x08000198   0x00000004   Code   RO        12756    .ARM.Collect$$$$0000000E  mc_w.l(entry12b.o)
    0x0800019c   0x0800019c   0x00000000   Code   RO        12751    .ARM.Collect$$$$0000000F  mc_w.l(entry10a.o)
    0x0800019c   0x0800019c   0x00000000   Code   RO        12753    .ARM.Collect$$$$00000011  mc_w.l(entry11a.o)
    0x0800019c   0x0800019c   0x00000004   Code   RO        12742    .ARM.Collect$$$$00002712  mc_w.l(entry2.o)
    0x080001a0   0x080001a0   0x000000be   Code   RO         8129    .emb_text           port.o
    0x0800025e   0x0800025e   0x00000002   PAD
    0x08000260   0x08000260   0x00000024   Code   RO            4    .text               startup_stm32f407xx.o
    0x08000284   0x08000284   0x00000062   Code   RO        12425    .text               mc_w.l(uldiv.o)
    0x080002e6   0x080002e6   0x00000002   PAD
    0x080002e8   0x080002e8   0x00000024   Code   RO        12455    .text               mc_w.l(rand.o)
    0x0800030c   0x0800030c   0x00000040   Code   RO        12460    .text               mc_w.l(memmovea.o)
    0x0800034c   0x0800034c   0x00000024   Code   RO        12464    .text               mc_w.l(memseta.o)
    0x08000370   0x08000370   0x0000000e   Code   RO        12466    .text               mc_w.l(strlen.o)
    0x0800037e   0x0800037e   0x0000001a   Code   RO        12468    .text               mc_w.l(memcmp.o)
    0x08000398   0x08000398   0x00000026   Code   RO        12739    .text               mf_w.l(f2d.o)
    0x080003be   0x080003be   0x0000002c   Code   RO        12758    .text               mc_w.l(uidiv.o)
    0x080003ea   0x080003ea   0x0000001e   Code   RO        12760    .text               mc_w.l(llshl.o)
    0x08000408   0x08000408   0x00000020   Code   RO        12762    .text               mc_w.l(llushr.o)
    0x08000428   0x08000428   0x00000000   Code   RO        12773    .text               mc_w.l(iusefp.o)
    0x08000428   0x08000428   0x0000003c   Code   RO        12774    .text               mf_w.l(frnd.o)
    0x08000464   0x08000464   0x0000014e   Code   RO        12776    .text               mf_w.l(dadd.o)
    0x080005b2   0x080005b2   0x000000e4   Code   RO        12778    .text               mf_w.l(dmul.o)
    0x08000696   0x08000696   0x000000de   Code   RO        12780    .text               mf_w.l(ddiv.o)
    0x08000774   0x08000774   0x00000030   Code   RO        12782    .text               mf_w.l(dfixul.o)
    0x080007a4   0x080007a4   0x00000030   Code   RO        12784    .text               mf_w.l(cdrcmple.o)
    0x080007d4   0x080007d4   0x00000024   Code   RO        12786    .text               mc_w.l(init.o)
    0x080007f8   0x080007f8   0x00000024   Code   RO        12788    .text               mc_w.l(llsshr.o)
    0x0800081c   0x0800081c   0x0000006e   Code   RO        12792    .text               mf_w.l(fepilogue.o)
    0x0800088a   0x0800088a   0x000000ba   Code   RO        12794    .text               mf_w.l(depilogue.o)
    0x08000944   0x08000944   0x00000056   Code   RO        12806    .text               mc_w.l(__dczerorl2.o)
    0x0800099a   0x0800099a   0x00000002   PAD
    0x0800099c   0x0800099c   0x00000190   Code   RO         1267    i.ADE7878_BASICCONFIG  ade7878.o
    0x08000b2c   0x08000b2c   0x0000008c   Code   RO         1270    i.ADE7878_SPI_Enable  ade7878.o
    0x08000bb8   0x08000bb8   0x00000278   Code   RO         1271    i.ADE7878_init      ade7878.o
    0x08000e30   0x08000e30   0x0000001c   Code   RO         1716    i.BSP_PlatformIsDetected  fatfs_platform.o
    0x08000e4c   0x08000e4c   0x00000002   Code   RO         1527    i.BSP_SD_AbortCallback  bsp_driver_sd.o
    0x08000e4e   0x08000e4e   0x00000002   PAD
    0x08000e50   0x08000e50   0x0000000c   Code   RO         1530    i.BSP_SD_GetCardInfo  bsp_driver_sd.o
    0x08000e5c   0x08000e5c   0x00000018   Code   RO         1531    i.BSP_SD_GetCardState  bsp_driver_sd.o
    0x08000e74   0x08000e74   0x00000030   Code   RO         1533    i.BSP_SD_Init       bsp_driver_sd.o
    0x08000ea4   0x08000ea4   0x0000001c   Code   RO         1534    i.BSP_SD_IsDetected  bsp_driver_sd.o
    0x08000ec0   0x08000ec0   0x00000020   Code   RO         1536    i.BSP_SD_ReadBlocks_DMA  bsp_driver_sd.o
    0x08000ee0   0x08000ee0   0x00000010   Code   RO         1648    i.BSP_SD_ReadCpltCallback  sd_diskio.o
    0x08000ef0   0x08000ef0   0x00000020   Code   RO         1539    i.BSP_SD_WriteBlocks_DMA  bsp_driver_sd.o
    0x08000f10   0x08000f10   0x00000010   Code   RO         1649    i.BSP_SD_WriteCpltCallback  sd_diskio.o
    0x08000f20   0x08000f20   0x00000084   Code   RO         1411    i.BSP_W25Qx_Init    w25qxx.o
    0x08000fa4   0x08000fa4   0x00000064   Code   RO         1412    i.BSP_W25Qx_Read    w25qxx.o
    0x08001008   0x08001008   0x0000004c   Code   RO         1413    i.BSP_W25Qx_Read_ID  w25qxx.o
    0x08001054   0x08001054   0x0000012c   Code   RO         1414    i.BSP_W25Qx_Write   w25qxx.o
    0x08001180   0x08001180   0x000000dc   Code   RO         1415    i.BSP_W25Qx_WriteEnable  w25qxx.o
    0x0800125c   0x0800125c   0x0000001c   Code   RO         1098    i.BusFault_Handler  stm32f4xx_it.o
    0x08001278   0x08001278   0x0000000c   Code   RO         1099    i.DMA1_Stream1_IRQHandler  stm32f4xx_it.o
    0x08001284   0x08001284   0x0000000c   Code   RO         1100    i.DMA1_Stream3_IRQHandler  stm32f4xx_it.o
    0x08001290   0x08001290   0x0000000c   Code   RO         1101    i.DMA2_Stream3_IRQHandler  stm32f4xx_it.o
    0x0800129c   0x0800129c   0x0000000c   Code   RO         1102    i.DMA2_Stream6_IRQHandler  stm32f4xx_it.o
    0x080012a8   0x080012a8   0x00000002   Code   RO         1103    i.DebugMon_Handler  stm32f4xx_it.o
    0x080012aa   0x080012aa   0x00000002   PAD
    0x080012ac   0x080012ac   0x0000000c   Code   RO         1104    i.ETH_IRQHandler    stm32f4xx_it.o
    0x080012b8   0x080012b8   0x0000012c   Code   RO         1950    i.ETH_MACDMAConfig  stm32f4xx_hal_eth.o
    0x080013e4   0x080013e4   0x00000060   Code   RO           13    i.Error_Handler     main.o
    0x08001444   0x08001444   0x00000050   Code   RO         6882    i.FATFS_LinkDriver  ff_gen_drv.o
    0x08001494   0x08001494   0x0000004c   Code   RO         3448    i.FSMC_NORSRAM_Extended_Timing_Init  stm32f4xx_ll_fsmc.o
    0x080014e0   0x080014e0   0x0000005c   Code   RO         3449    i.FSMC_NORSRAM_Init  stm32f4xx_ll_fsmc.o
    0x0800153c   0x0800153c   0x00000054   Code   RO         3450    i.FSMC_NORSRAM_Timing_Init  stm32f4xx_ll_fsmc.o
    0x08001590   0x08001590   0x000001b0   Code   RO         3171    i.HAL_ADC_ConfigChannel  stm32f4xx_hal_adc.o
    0x08001740   0x08001740   0x00000174   Code   RO         3180    i.HAL_ADC_Init      stm32f4xx_hal_adc.o
    0x080018b4   0x080018b4   0x000000d8   Code   RO          711    i.HAL_ADC_MspInit   adc.o
    0x0800198c   0x0800198c   0x000000a6   Code   RO         2514    i.HAL_DMA_Abort     stm32f4xx_hal_dma.o
    0x08001a32   0x08001a32   0x00000024   Code   RO         2515    i.HAL_DMA_Abort_IT  stm32f4xx_hal_dma.o
    0x08001a56   0x08001a56   0x00000004   Code   RO         2517    i.HAL_DMA_GetError  stm32f4xx_hal_dma.o
    0x08001a5a   0x08001a5a   0x00000002   PAD
    0x08001a5c   0x08001a5c   0x000001dc   Code   RO         2519    i.HAL_DMA_IRQHandler  stm32f4xx_hal_dma.o
    0x08001c38   0x08001c38   0x0000015c   Code   RO         2520    i.HAL_DMA_Init      stm32f4xx_hal_dma.o
    0x08001d94   0x08001d94   0x00000092   Code   RO         2524    i.HAL_DMA_Start_IT  stm32f4xx_hal_dma.o
    0x08001e26   0x08001e26   0x00000002   PAD
    0x08001e28   0x08001e28   0x00000028   Code   RO         2916    i.HAL_Delay         stm32f4xx_hal.o
    0x08001e50   0x08001e50   0x00000130   Code   RO         1952    i.HAL_ETH_ConfigMAC  stm32f4xx_hal_eth.o
    0x08001f80   0x08001f80   0x00000080   Code   RO         1953    i.HAL_ETH_DMARxDescListInit  stm32f4xx_hal_eth.o
    0x08002000   0x08002000   0x00000092   Code   RO         1954    i.HAL_ETH_DMATxDescListInit  stm32f4xx_hal_eth.o
    0x08002092   0x08002092   0x00000002   Code   RO         1956    i.HAL_ETH_ErrorCallback  stm32f4xx_hal_eth.o
    0x08002094   0x08002094   0x0000009a   Code   RO         1958    i.HAL_ETH_GetReceivedFrame_IT  stm32f4xx_hal_eth.o
    0x0800212e   0x0800212e   0x0000008a   Code   RO         1960    i.HAL_ETH_IRQHandler  stm32f4xx_hal_eth.o
    0x080021b8   0x080021b8   0x000002f0   Code   RO         1961    i.HAL_ETH_Init      stm32f4xx_hal_eth.o
    0x080024a8   0x080024a8   0x00000108   Code   RO         1779    i.HAL_ETH_MspInit   ethernetif.o
    0x080025b0   0x080025b0   0x0000008c   Code   RO         1964    i.HAL_ETH_ReadPHYRegister  stm32f4xx_hal_eth.o
    0x0800263c   0x0800263c   0x0000000c   Code   RO         1780    i.HAL_ETH_RxCpltCallback  ethernetif.o
    0x08002648   0x08002648   0x000000f0   Code   RO         1966    i.HAL_ETH_Start     stm32f4xx_hal_eth.o
    0x08002738   0x08002738   0x000000e8   Code   RO         1967    i.HAL_ETH_Stop      stm32f4xx_hal_eth.o
    0x08002820   0x08002820   0x00000130   Code   RO         1968    i.HAL_ETH_TransmitFrame  stm32f4xx_hal_eth.o
    0x08002950   0x08002950   0x00000002   Code   RO         1969    i.HAL_ETH_TxCpltCallback  stm32f4xx_hal_eth.o
    0x08002952   0x08002952   0x00000080   Code   RO         1970    i.HAL_ETH_WritePHYRegister  stm32f4xx_hal_eth.o
    0x080029d2   0x080029d2   0x00000002   PAD
    0x080029d4   0x080029d4   0x00000200   Code   RO         2415    i.HAL_GPIO_Init     stm32f4xx_hal_gpio.o
    0x08002bd4   0x08002bd4   0x0000000a   Code   RO         2417    i.HAL_GPIO_ReadPin  stm32f4xx_hal_gpio.o
    0x08002bde   0x08002bde   0x00000010   Code   RO         2418    i.HAL_GPIO_TogglePin  stm32f4xx_hal_gpio.o
    0x08002bee   0x08002bee   0x0000000a   Code   RO         2419    i.HAL_GPIO_WritePin  stm32f4xx_hal_gpio.o
    0x08002bf8   0x08002bf8   0x0000000c   Code   RO         2922    i.HAL_GetTick       stm32f4xx_hal.o
    0x08002c04   0x08002c04   0x000001a8   Code   RO         3697    i.HAL_I2C_Init      stm32f4xx_hal_i2c.o
    0x08002dac   0x08002dac   0x00000378   Code   RO         3703    i.HAL_I2C_Master_Receive  stm32f4xx_hal_i2c.o
    0x08003124   0x08003124   0x0000022c   Code   RO         3710    i.HAL_I2C_Master_Transmit  stm32f4xx_hal_i2c.o
    0x08003350   0x08003350   0x0000006c   Code   RO          832    i.HAL_I2C_MspInit   i2c.o
    0x080033bc   0x080033bc   0x00000066   Code   RO         4066    i.HAL_IWDG_Init     stm32f4xx_hal_iwdg.o
    0x08003422   0x08003422   0x0000000c   Code   RO         4067    i.HAL_IWDG_Refresh  stm32f4xx_hal_iwdg.o
    0x0800342e   0x0800342e   0x00000002   PAD
    0x08003430   0x08003430   0x00000010   Code   RO         2928    i.HAL_IncTick       stm32f4xx_hal.o
    0x08003440   0x08003440   0x00000034   Code   RO         2929    i.HAL_Init          stm32f4xx_hal.o
    0x08003474   0x08003474   0x00000074   Code   RO         1228    i.HAL_InitTick      stm32f4xx_hal_timebase_tim.o
    0x080034e8   0x080034e8   0x0000003c   Code   RO         1204    i.HAL_MspInit       stm32f4xx_hal_msp.o
    0x08003524   0x08003524   0x0000001e   Code   RO         2784    i.HAL_NVIC_EnableIRQ  stm32f4xx_hal_cortex.o
    0x08003542   0x08003542   0x00000002   PAD
    0x08003544   0x08003544   0x00000064   Code   RO         2790    i.HAL_NVIC_SetPriority  stm32f4xx_hal_cortex.o
    0x080035a8   0x080035a8   0x00000024   Code   RO         2791    i.HAL_NVIC_SetPriorityGrouping  stm32f4xx_hal_cortex.o
    0x080035cc   0x080035cc   0x00000170   Code   RO         2198    i.HAL_RCCEx_PeriphCLKConfig  stm32f4xx_hal_rcc_ex.o
    0x0800373c   0x0800373c   0x0000015c   Code   RO         2093    i.HAL_RCC_ClockConfig  stm32f4xx_hal_rcc.o
    0x08003898   0x08003898   0x00000040   Code   RO         2097    i.HAL_RCC_GetClockConfig  stm32f4xx_hal_rcc.o
    0x080038d8   0x080038d8   0x0000000c   Code   RO         2098    i.HAL_RCC_GetHCLKFreq  stm32f4xx_hal_rcc.o
    0x080038e4   0x080038e4   0x00000020   Code   RO         2100    i.HAL_RCC_GetPCLK1Freq  stm32f4xx_hal_rcc.o
    0x08003904   0x08003904   0x00000020   Code   RO         2101    i.HAL_RCC_GetPCLK2Freq  stm32f4xx_hal_rcc.o
    0x08003924   0x08003924   0x00000050   Code   RO         2102    i.HAL_RCC_GetSysClockFreq  stm32f4xx_hal_rcc.o
    0x08003974   0x08003974   0x00000404   Code   RO         2105    i.HAL_RCC_OscConfig  stm32f4xx_hal_rcc.o
    0x08003d78   0x08003d78   0x00000062   Code   RO         4106    i.HAL_RTC_GetDate   stm32f4xx_hal_rtc.o
    0x08003dda   0x08003dda   0x00000002   PAD
    0x08003ddc   0x08003ddc   0x00000078   Code   RO         4108    i.HAL_RTC_GetTime   stm32f4xx_hal_rtc.o
    0x08003e54   0x08003e54   0x0000010c   Code   RO         4109    i.HAL_RTC_Init      stm32f4xx_hal_rtc.o
    0x08003f60   0x08003f60   0x00000044   Code   RO          904    i.HAL_RTC_MspInit   rtc.o
    0x08003fa4   0x08003fa4   0x0000012a   Code   RO         4115    i.HAL_RTC_SetDate   stm32f4xx_hal_rtc.o
    0x080040ce   0x080040ce   0x00000002   PAD
    0x080040d0   0x080040d0   0x00000148   Code   RO         4116    i.HAL_RTC_SetTime   stm32f4xx_hal_rtc.o
    0x08004218   0x08004218   0x00000008   Code   RO         1541    i.HAL_SD_AbortCallback  bsp_driver_sd.o
    0x08004220   0x08004220   0x00000134   Code   RO         4748    i.HAL_SD_ConfigWideBusOperation  stm32f4xx_hal_sd.o
    0x08004354   0x08004354   0x00000002   Code   RO         4751    i.HAL_SD_ErrorCallback  stm32f4xx_hal_sd.o
    0x08004356   0x08004356   0x0000005a   Code   RO         4752    i.HAL_SD_GetCardCID  stm32f4xx_hal_sd.o
    0x080043b0   0x080043b0   0x000001c8   Code   RO         4753    i.HAL_SD_GetCardCSD  stm32f4xx_hal_sd.o
    0x08004578   0x08004578   0x00000024   Code   RO         4754    i.HAL_SD_GetCardInfo  stm32f4xx_hal_sd.o
    0x0800459c   0x0800459c   0x0000002c   Code   RO         4755    i.HAL_SD_GetCardState  stm32f4xx_hal_sd.o
    0x080045c8   0x080045c8   0x000002c4   Code   RO         4759    i.HAL_SD_IRQHandler  stm32f4xx_hal_sd.o
    0x0800488c   0x0800488c   0x0000003e   Code   RO         4760    i.HAL_SD_Init       stm32f4xx_hal_sd.o
    0x080048ca   0x080048ca   0x00000002   PAD
    0x080048cc   0x080048cc   0x000001fc   Code   RO         4761    i.HAL_SD_InitCard   stm32f4xx_hal_sd.o
    0x08004ac8   0x08004ac8   0x00000154   Code   RO          946    i.HAL_SD_MspInit    sdio.o
    0x08004c1c   0x08004c1c   0x0000013c   Code   RO         4765    i.HAL_SD_ReadBlocks_DMA  stm32f4xx_hal_sd.o
    0x08004d58   0x08004d58   0x00000008   Code   RO         1542    i.HAL_SD_RxCpltCallback  bsp_driver_sd.o
    0x08004d60   0x08004d60   0x00000008   Code   RO         1543    i.HAL_SD_TxCpltCallback  bsp_driver_sd.o
    0x08004d68   0x08004d68   0x00000134   Code   RO         4770    i.HAL_SD_WriteBlocks_DMA  stm32f4xx_hal_sd.o
    0x08004e9c   0x08004e9c   0x000000c2   Code   RO         4966    i.HAL_SPI_Init      stm32f4xx_hal_spi.o
    0x08004f5e   0x08004f5e   0x00000002   PAD
    0x08004f60   0x08004f60   0x00000110   Code   RO          994    i.HAL_SPI_MspInit   spi.o
    0x08005070   0x08005070   0x0000016c   Code   RO         4969    i.HAL_SPI_Receive   stm32f4xx_hal_spi.o
    0x080051dc   0x080051dc   0x000001a8   Code   RO         4974    i.HAL_SPI_Transmit  stm32f4xx_hal_spi.o
    0x08005384   0x08005384   0x00000216   Code   RO         4975    i.HAL_SPI_TransmitReceive  stm32f4xx_hal_spi.o
    0x0800559a   0x0800559a   0x00000056   Code   RO         3570    i.HAL_SRAM_Init     stm32f4xx_hal_sram.o
    0x080055f0   0x080055f0   0x000000ac   Code   RO          789    i.HAL_SRAM_MspInit  fsmc.o
    0x0800569c   0x0800569c   0x00000002   Code   RO         5935    i.HAL_TIMEx_BreakCallback  stm32f4xx_hal_tim_ex.o
    0x0800569e   0x0800569e   0x00000002   Code   RO         5936    i.HAL_TIMEx_CommutCallback  stm32f4xx_hal_tim_ex.o
    0x080056a0   0x080056a0   0x0000005a   Code   RO         5268    i.HAL_TIM_Base_Init  stm32f4xx_hal_tim.o
    0x080056fa   0x080056fa   0x00000002   Code   RO         5270    i.HAL_TIM_Base_MspInit  stm32f4xx_hal_tim.o
    0x080056fc   0x080056fc   0x00000080   Code   RO         5273    i.HAL_TIM_Base_Start_IT  stm32f4xx_hal_tim.o
    0x0800577c   0x0800577c   0x00000002   Code   RO         5302    i.HAL_TIM_IC_CaptureCallback  stm32f4xx_hal_tim.o
    0x0800577e   0x0800577e   0x0000016c   Code   RO         5316    i.HAL_TIM_IRQHandler  stm32f4xx_hal_tim.o
    0x080058ea   0x080058ea   0x00000002   Code   RO         5319    i.HAL_TIM_OC_DelayElapsedCallback  stm32f4xx_hal_tim.o
    0x080058ec   0x080058ec   0x00000002   Code   RO         5346    i.HAL_TIM_PWM_PulseFinishedCallback  stm32f4xx_hal_tim.o
    0x080058ee   0x080058ee   0x00000012   Code   RO           14    i.HAL_TIM_PeriodElapsedCallback  main.o
    0x08005900   0x08005900   0x00000002   Code   RO         5359    i.HAL_TIM_TriggerCallback  stm32f4xx_hal_tim.o
    0x08005902   0x08005902   0x00000002   Code   RO         6208    i.HAL_UARTEx_RxEventCallback  stm32f4xx_hal_uart.o
    0x08005904   0x08005904   0x00000002   Code   RO         6222    i.HAL_UART_ErrorCallback  stm32f4xx_hal_uart.o
    0x08005906   0x08005906   0x00000002   PAD
    0x08005908   0x08005908   0x00000304   Code   RO         6225    i.HAL_UART_IRQHandler  stm32f4xx_hal_uart.o
    0x08005c0c   0x08005c0c   0x00000062   Code   RO         6226    i.HAL_UART_Init     stm32f4xx_hal_uart.o
    0x08005c6e   0x08005c6e   0x00000002   PAD
    0x08005c70   0x08005c70   0x00000190   Code   RO         1042    i.HAL_UART_MspInit  usart.o
    0x08005e00   0x08005e00   0x00000056   Code   RO         6231    i.HAL_UART_Receive_IT  stm32f4xx_hal_uart.o
    0x08005e56   0x08005e56   0x00000002   PAD
    0x08005e58   0x08005e58   0x00000040   Code   RO           15    i.HAL_UART_RxCpltCallback  main.o
    0x08005e98   0x08005e98   0x00000164   Code   RO         6234    i.HAL_UART_Transmit  stm32f4xx_hal_uart.o
    0x08005ffc   0x08005ffc   0x00000002   Code   RO         6237    i.HAL_UART_TxCpltCallback  stm32f4xx_hal_uart.o
    0x08005ffe   0x08005ffe   0x00000002   PAD
    0x08006000   0x08006000   0x0000001c   Code   RO         1105    i.HardFault_Handler  stm32f4xx_it.o
    0x0800601c   0x0800601c   0x000000a6   Code   RO         3742    i.I2C_WaitOnFlagUntilTimeout  stm32f4xx_hal_i2c.o
    0x080060c2   0x080060c2   0x000000c8   Code   RO         3743    i.I2C_WaitOnMasterAddressFlagUntilTimeout  stm32f4xx_hal_i2c.o
    0x0800618a   0x0800618a   0x00000088   Code   RO         3744    i.I2C_WaitOnTXEFlagUntilTimeout  stm32f4xx_hal_i2c.o
    0x08006212   0x08006212   0x0000002e   Code   RO           16    i.Key_Scan          main.o
    0x08006240   0x08006240   0x0000006c   Code   RO          712    i.MX_ADC1_Init      adc.o
    0x080062ac   0x080062ac   0x0000006c   Code   RO          713    i.MX_ADC2_Init      adc.o
    0x08006318   0x08006318   0x0000006c   Code   RO          714    i.MX_ADC3_Init      adc.o
    0x08006384   0x08006384   0x0000006c   Code   RO          764    i.MX_DMA_Init       dma.o
    0x080063f0   0x080063f0   0x0000001c   Code   RO         1740    i.MX_FATFS_Init     fatfs.o
    0x0800640c   0x0800640c   0x00000190   Code   RO          519    i.MX_FREERTOS_Init  freertos.o
    0x0800659c   0x0800659c   0x00000068   Code   RO          790    i.MX_FSMC_Init      fsmc.o
    0x08006604   0x08006604   0x000001c0   Code   RO          495    i.MX_GPIO_Init      gpio.o
    0x080067c4   0x080067c4   0x00000040   Code   RO          833    i.MX_I2C1_Init      i2c.o
    0x08006804   0x08006804   0x0000002c   Code   RO          873    i.MX_IWDG_Init      iwdg.o
    0x08006830   0x08006830   0x000000b0   Code   RO         1890    i.MX_LWIP_Init      lwip.o
    0x080068e0   0x080068e0   0x0000008c   Code   RO          905    i.MX_RTC_Init       rtc.o
    0x0800696c   0x0800696c   0x00000020   Code   RO          947    i.MX_SDIO_SD_Init   sdio.o
    0x0800698c   0x0800698c   0x00000044   Code   RO          995    i.MX_SPI1_Init      spi.o
    0x080069d0   0x080069d0   0x00000048   Code   RO          996    i.MX_SPI2_Init      spi.o
    0x08006a18   0x08006a18   0x00000038   Code   RO         1043    i.MX_USART1_UART_Init  usart.o
    0x08006a50   0x08006a50   0x00000038   Code   RO         1044    i.MX_USART3_UART_Init  usart.o
    0x08006a88   0x08006a88   0x00000038   Code   RO         1045    i.MX_USART6_UART_Init  usart.o
    0x08006ac0   0x08006ac0   0x00000024   Code   RO         1106    i.MemManage_Handler  stm32f4xx_it.o
    0x08006ae4   0x08006ae4   0x00000002   Code   RO         1107    i.NMI_Handler       stm32f4xx_it.o
    0x08006ae6   0x08006ae6   0x00000030   Code   RO         4119    i.RTC_ByteToBcd2    stm32f4xx_hal_rtc.o
    0x08006b16   0x08006b16   0x00000002   PAD
    0x08006b18   0x08006b18   0x000000b4   Code   RO         1272    i.Read_ADE7878_SPI  ade7878.o
    0x08006bcc   0x08006bcc   0x00000024   Code   RO         4490    i.SDIO_ConfigData   stm32f4xx_ll_sdmmc.o
    0x08006bf0   0x08006bf0   0x00000008   Code   RO         4494    i.SDIO_GetPowerState  stm32f4xx_ll_sdmmc.o
    0x08006bf8   0x08006bf8   0x00000006   Code   RO         4495    i.SDIO_GetResponse  stm32f4xx_ll_sdmmc.o
    0x08006bfe   0x08006bfe   0x00000002   PAD
    0x08006c00   0x08006c00   0x0000000c   Code   RO         1108    i.SDIO_IRQHandler   stm32f4xx_it.o
    0x08006c0c   0x08006c0c   0x0000002c   Code   RO         4496    i.SDIO_Init         stm32f4xx_ll_sdmmc.o
    0x08006c38   0x08006c38   0x00000010   Code   RO         4498    i.SDIO_PowerState_ON  stm32f4xx_ll_sdmmc.o
    0x08006c48   0x08006c48   0x00000006   Code   RO         4499    i.SDIO_ReadFIFO     stm32f4xx_ll_sdmmc.o
    0x08006c4e   0x08006c4e   0x0000000a   Code   RO         4502    i.SDIO_WriteFIFO    stm32f4xx_ll_sdmmc.o
    0x08006c58   0x08006c58   0x0000001a   Code   RO         4503    i.SDMMC_CmdAppCommand  stm32f4xx_ll_sdmmc.o
    0x08006c72   0x08006c72   0x00000002   PAD
    0x08006c74   0x08006c74   0x0000005c   Code   RO         4504    i.SDMMC_CmdAppOperCommand  stm32f4xx_ll_sdmmc.o
    0x08006cd0   0x08006cd0   0x00000018   Code   RO         4505    i.SDMMC_CmdBlockLength  stm32f4xx_ll_sdmmc.o
    0x08006ce8   0x08006ce8   0x0000001a   Code   RO         4506    i.SDMMC_CmdBusWidth  stm32f4xx_ll_sdmmc.o
    0x08006d02   0x08006d02   0x00000002   PAD
    0x08006d04   0x08006d04   0x00000040   Code   RO         4510    i.SDMMC_CmdGoIdleState  stm32f4xx_ll_sdmmc.o
    0x08006d44   0x08006d44   0x00000078   Code   RO         4512    i.SDMMC_CmdOperCond  stm32f4xx_ll_sdmmc.o
    0x08006dbc   0x08006dbc   0x0000001a   Code   RO         4513    i.SDMMC_CmdReadMultiBlock  stm32f4xx_ll_sdmmc.o
    0x08006dd6   0x08006dd6   0x0000001a   Code   RO         4514    i.SDMMC_CmdReadSingleBlock  stm32f4xx_ll_sdmmc.o
    0x08006df0   0x08006df0   0x0000001a   Code   RO         4517    i.SDMMC_CmdSelDesel  stm32f4xx_ll_sdmmc.o
    0x08006e0a   0x08006e0a   0x00000002   PAD
    0x08006e0c   0x08006e0c   0x00000064   Code   RO         4518    i.SDMMC_CmdSendCID  stm32f4xx_ll_sdmmc.o
    0x08006e70   0x08006e70   0x00000064   Code   RO         4519    i.SDMMC_CmdSendCSD  stm32f4xx_ll_sdmmc.o
    0x08006ed4   0x08006ed4   0x0000001c   Code   RO         4521    i.SDMMC_CmdSendSCR  stm32f4xx_ll_sdmmc.o
    0x08006ef0   0x08006ef0   0x0000001a   Code   RO         4522    i.SDMMC_CmdSendStatus  stm32f4xx_ll_sdmmc.o
    0x08006f0a   0x08006f0a   0x00000002   PAD
    0x08006f0c   0x08006f0c   0x000000ac   Code   RO         4523    i.SDMMC_CmdSetRelAdd  stm32f4xx_ll_sdmmc.o
    0x08006fb8   0x08006fb8   0x00000020   Code   RO         4525    i.SDMMC_CmdStopTransfer  stm32f4xx_ll_sdmmc.o
    0x08006fd8   0x08006fd8   0x0000001a   Code   RO         4527    i.SDMMC_CmdWriteMultiBlock  stm32f4xx_ll_sdmmc.o
    0x08006ff2   0x08006ff2   0x00000018   Code   RO         4528    i.SDMMC_CmdWriteSingleBlock  stm32f4xx_ll_sdmmc.o
    0x0800700a   0x0800700a   0x00000002   PAD
    0x0800700c   0x0800700c   0x00000144   Code   RO         4529    i.SDMMC_GetCmdResp1  stm32f4xx_ll_sdmmc.o
    0x08007150   0x08007150   0x00000068   Code   RO         4772    i.SD_DMAError       stm32f4xx_hal_sd.o
    0x080071b8   0x080071b8   0x00000042   Code   RO         4773    i.SD_DMAReceiveCplt  stm32f4xx_hal_sd.o
    0x080071fa   0x080071fa   0x00000044   Code   RO         4774    i.SD_DMARxAbort     stm32f4xx_hal_sd.o
    0x0800723e   0x0800723e   0x0000000e   Code   RO         4775    i.SD_DMATransmitCplt  stm32f4xx_hal_sd.o
    0x0800724c   0x0800724c   0x00000044   Code   RO         4776    i.SD_DMATxAbort     stm32f4xx_hal_sd.o
    0x08007290   0x08007290   0x00000118   Code   RO         4777    i.SD_FindSCR        stm32f4xx_hal_sd.o
    0x080073a8   0x080073a8   0x00000060   Code   RO         1650    i.SD_initialize     sd_diskio.o
    0x08007408   0x08007408   0x0000005c   Code   RO         1651    i.SD_ioctl          sd_diskio.o
    0x08007464   0x08007464   0x00000094   Code   RO         1652    i.SD_read           sd_diskio.o
    0x080074f8   0x080074f8   0x00000020   Code   RO         1653    i.SD_status         sd_diskio.o
    0x08007518   0x08007518   0x00000094   Code   RO         1654    i.SD_write          sd_diskio.o
    0x080075ac   0x080075ac   0x0000007a   Code   RO         5001    i.SPI_EndRxTransaction  stm32f4xx_hal_spi.o
    0x08007626   0x08007626   0x00000002   PAD
    0x08007628   0x08007628   0x0000005c   Code   RO         5002    i.SPI_EndRxTxTransaction  stm32f4xx_hal_spi.o
    0x08007684   0x08007684   0x000000c0   Code   RO         5007    i.SPI_WaitFlagStateUntilTimeout  stm32f4xx_hal_spi.o
    0x08007744   0x08007744   0x00000148   Code   RO          948    i.Show_SDMMC_Info   sdio.o
    0x0800788c   0x0800788c   0x0000002c   Code   RO         8130    i.SysTick_Handler   port.o
    0x080078b8   0x080078b8   0x00000120   Code   RO           17    i.SystemClock_Config  main.o
    0x080079d8   0x080079d8   0x00000010   Code   RO         6539    i.SystemInit        system_stm32f4xx.o
    0x080079e8   0x080079e8   0x0000000c   Code   RO         1109    i.TIM8_TRG_COM_TIM14_IRQHandler  stm32f4xx_it.o
    0x080079f4   0x080079f4   0x000000cc   Code   RO         5361    i.TIM_Base_SetConfig  stm32f4xx_hal_tim.o
    0x08007ac0   0x08007ac0   0x00000010   Code   RO         6239    i.UART_DMAAbortOnError  stm32f4xx_hal_uart.o
    0x08007ad0   0x08007ad0   0x000000cc   Code   RO         6249    i.UART_Receive_IT   stm32f4xx_hal_uart.o
    0x08007b9c   0x08007b9c   0x000000f0   Code   RO         6250    i.UART_SetConfig    stm32f4xx_hal_uart.o
    0x08007c8c   0x08007c8c   0x0000000c   Code   RO         1110    i.USART3_IRQHandler  stm32f4xx_it.o
    0x08007c98   0x08007c98   0x0000001c   Code   RO         1111    i.UsageFault_Handler  stm32f4xx_it.o
    0x08007cb4   0x08007cb4   0x000000a8   Code   RO         1274    i.Write_ADE7878_SPI  ade7878.o
    0x08007d5c   0x08007d5c   0x000000ec   Code   RO         1337    i.Write_TFCard      sd_log.o
    0x08007e48   0x08007e48   0x00000020   Code   RO        12709    i.__0printf         mc_w.l(printfa.o)
    0x08007e68   0x08007e68   0x00000028   Code   RO        12711    i.__0sprintf        mc_w.l(printfa.o)
    0x08007e90   0x08007e90   0x0000009a   Code   RO        12418    i.__hardfp_roundf   m_wm.l(roundf.o)
    0x08007f2a   0x08007f2a   0x0000000e   Code   RO        12800    i.__scatterload_copy  mc_w.l(handlers.o)
    0x08007f38   0x08007f38   0x00000002   Code   RO        12801    i.__scatterload_null  mc_w.l(handlers.o)
    0x08007f3a   0x08007f3a   0x0000000e   Code   RO        12802    i.__scatterload_zeroinit  mc_w.l(handlers.o)
    0x08007f48   0x08007f48   0x00000184   Code   RO        12716    i._fp_digits        mc_w.l(printfa.o)
    0x080080cc   0x080080cc   0x000006b4   Code   RO        12717    i._printf_core      mc_w.l(printfa.o)
    0x08008780   0x08008780   0x00000024   Code   RO        12718    i._printf_post_padding  mc_w.l(printfa.o)
    0x080087a4   0x080087a4   0x0000002e   Code   RO        12719    i._printf_pre_padding  mc_w.l(printfa.o)
    0x080087d2   0x080087d2   0x0000000a   Code   RO        12721    i._sputc            mc_w.l(printfa.o)
    0x080087dc   0x080087dc   0x00000264   Code   RO          520    i.ade7878_task      freertos.o
    0x08008a40   0x08008a40   0x00000008   Code   RO          521    i.beep_task         freertos.o
    0x08008a48   0x08008a48   0x00000128   Code   RO           18    i.bsp_TestExtSRAM   main.o
    0x08008b70   0x08008b70   0x000000b6   Code   RO         6631    i.create_chain      ff.o
    0x08008c26   0x08008c26   0x00000002   PAD
    0x08008c28   0x08008c28   0x000009d8   Code   RO          522    i.data_task         freertos.o
    0x08009600   0x08009600   0x0000017c   Code   RO        11452    i.dhcp_arp_reply    dhcp.o
    0x0800977c   0x0800977c   0x000001c8   Code   RO        11453    i.dhcp_bind         dhcp.o
    0x08009944   0x08009944   0x00000250   Code   RO        11455    i.dhcp_coarse_tmr   dhcp.o
    0x08009b94   0x08009b94   0x00000208   Code   RO        11456    i.dhcp_create_msg   dhcp.o
    0x08009d9c   0x08009d9c   0x00000194   Code   RO        11457    i.dhcp_discover     dhcp.o
    0x08009f30   0x08009f30   0x000000c0   Code   RO        11458    i.dhcp_fine_tmr     dhcp.o
    0x08009ff0   0x08009ff0   0x000000c8   Code   RO        11460    i.dhcp_network_changed  dhcp.o
    0x0800a0b8   0x0800a0b8   0x00000080   Code   RO        11461    i.dhcp_option_long  dhcp.o
    0x0800a138   0x0800a138   0x00000020   Code   RO        11462    i.dhcp_option_trailer  dhcp.o
    0x0800a158   0x0800a158   0x00000430   Code   RO        11463    i.dhcp_parse_reply  dhcp.o
    0x0800a588   0x0800a588   0x000001cc   Code   RO        11464    i.dhcp_reboot       dhcp.o
    0x0800a754   0x0800a754   0x00000244   Code   RO        11465    i.dhcp_recv         dhcp.o
    0x0800a998   0x0800a998   0x00000160   Code   RO        11467    i.dhcp_release_and_stop  dhcp.o
    0x0800aaf8   0x0800aaf8   0x00000184   Code   RO        11468    i.dhcp_renew        dhcp.o
    0x0800ac7c   0x0800ac7c   0x00000368   Code   RO        11469    i.dhcp_select       dhcp.o
    0x0800afe4   0x0800afe4   0x0000020c   Code   RO        11471    i.dhcp_start        dhcp.o
    0x0800b1f0   0x0800b1f0   0x000001cc   Code   RO         6632    i.dir_find          ff.o
    0x0800b3bc   0x0800b3bc   0x00000170   Code   RO         6633    i.dir_next          ff.o
    0x0800b52c   0x0800b52c   0x00000340   Code   RO         6635    i.dir_register      ff.o
    0x0800b86c   0x0800b86c   0x00000098   Code   RO         6636    i.dir_sdi           ff.o
    0x0800b904   0x0800b904   0x00000028   Code   RO         6576    i.disk_initialize   diskio.o
    0x0800b92c   0x0800b92c   0x0000001c   Code   RO         6577    i.disk_ioctl        diskio.o
    0x0800b948   0x0800b948   0x00000020   Code   RO         6578    i.disk_read         diskio.o
    0x0800b968   0x0800b968   0x00000018   Code   RO         6579    i.disk_status       diskio.o
    0x0800b980   0x0800b980   0x00000020   Code   RO         6580    i.disk_write        diskio.o
    0x0800b9a0   0x0800b9a0   0x000006b4   Code   RO          523    i.eth_task          freertos.o
    0x0800c054   0x0800c054   0x00000040   Code   RO        11604    i.etharp_cleanup_netif  etharp.o
    0x0800c094   0x0800c094   0x00000294   Code   RO        11606    i.etharp_find_entry  etharp.o
    0x0800c328   0x0800c328   0x0000022c   Code   RO        11608    i.etharp_input      etharp.o
    0x0800c554   0x0800c554   0x00000264   Code   RO        11609    i.etharp_output     etharp.o
    0x0800c7b8   0x0800c7b8   0x000000e0   Code   RO        11610    i.etharp_output_to_arp_index  etharp.o
    0x0800c898   0x0800c898   0x0000022c   Code   RO        11611    i.etharp_query      etharp.o
    0x0800cac4   0x0800cac4   0x0000011c   Code   RO        11612    i.etharp_raw        etharp.o
    0x0800cbe0   0x0800cbe0   0x0000002c   Code   RO        11613    i.etharp_request    etharp.o
    0x0800cc0c   0x0800cc0c   0x00000098   Code   RO        11614    i.etharp_tmr        etharp.o
    0x0800cca4   0x0800cca4   0x000000b4   Code   RO         8731    i.ethernet_input    ethernet.o
    0x0800cd58   0x0800cd58   0x000000f8   Code   RO         8732    i.ethernet_output   ethernet.o
    0x0800ce50   0x0800ce50   0x00000184   Code   RO         1781    i.ethernetif_init   ethernetif.o
    0x0800cfd4   0x0800cfd4   0x00000120   Code   RO         1782    i.ethernetif_input  ethernetif.o
    0x0800d0f4   0x0800d0f4   0x00000002   Code   RO         1783    i.ethernetif_notify_conn_changed  ethernetif.o
    0x0800d0f6   0x0800d0f6   0x00000002   PAD
    0x0800d0f8   0x0800d0f8   0x00000048   Code   RO         1784    i.ethernetif_set_link  ethernetif.o
    0x0800d140   0x0800d140   0x000000b4   Code   RO         1785    i.ethernetif_update_config  ethernetif.o
    0x0800d1f4   0x0800d1f4   0x00000060   Code   RO         6637    i.f_close           ff.o
    0x0800d254   0x0800d254   0x00000352   Code   RO         6641    i.f_lseek           ff.o
    0x0800d5a6   0x0800d5a6   0x00000002   PAD
    0x0800d5a8   0x0800d5a8   0x000000b8   Code   RO         6644    i.f_mount           ff.o
    0x0800d660   0x0800d660   0x000003a0   Code   RO         6645    i.f_open            ff.o
    0x0800da00   0x0800da00   0x0000021e   Code   RO         6650    i.f_read            ff.o
    0x0800dc1e   0x0800dc1e   0x000000d2   Code   RO         6654    i.f_sync            ff.o
    0x0800dcf0   0x0800dcf0   0x00000252   Code   RO         6657    i.f_write           ff.o
    0x0800df42   0x0800df42   0x00000002   PAD
    0x0800df44   0x0800df44   0x0000005c   Code   RO         6979    i.ff_convert        cc936.o
    0x0800dfa0   0x0800dfa0   0x00000020   Code   RO         6931    i.ff_cre_syncobj    syscall.o
    0x0800dfc0   0x0800dfc0   0x0000000a   Code   RO         6932    i.ff_del_syncobj    syscall.o
    0x0800dfca   0x0800dfca   0x00000004   Code   RO         6933    i.ff_rel_grant      syscall.o
    0x0800dfce   0x0800dfce   0x00000016   Code   RO         6934    i.ff_req_grant      syscall.o
    0x0800dfe4   0x0800dfe4   0x00000094   Code   RO         6980    i.ff_wtoupper       cc936.o
    0x0800e078   0x0800e078   0x000004a4   Code   RO         6658    i.find_volume       ff.o
    0x0800e51c   0x0800e51c   0x000000b8   Code   RO          524    i.flash_task        freertos.o
    0x0800e5d4   0x0800e5d4   0x00000300   Code   RO         6659    i.follow_path       ff.o
    0x0800e8d4   0x0800e8d4   0x00000018   Code   RO           19    i.fputc             main.o
    0x0800e8ec   0x0800e8ec   0x000000d6   Code   RO         6660    i.get_fat           ff.o
    0x0800e9c2   0x0800e9c2   0x00000004   Code   RO         1741    i.get_fattime       fatfs.o
    0x0800e9c6   0x0800e9c6   0x00000004   Code   RO           20    i.get_month         main.o
    0x0800e9ca   0x0800e9ca   0x00000002   PAD
    0x0800e9cc   0x0800e9cc   0x00000114   Code   RO        11689    i.icmp_dest_unreach  icmp.o
    0x0800eae0   0x0800eae0   0x00000200   Code   RO        11690    i.icmp_input        icmp.o
    0x0800ece0   0x0800ece0   0x00000090   Code   RO        11691    i.icmp_time_exceeded  icmp.o
    0x0800ed70   0x0800ed70   0x0000003c   Code   RO        11794    i.ip4_addr_isbroadcast_u32  ip4_addr.o
    0x0800edac   0x0800edac   0x0000029c   Code   RO        11860    i.ip4_frag          ip4_frag.o
    0x0800f048   0x0800f048   0x000001c4   Code   RO        11746    i.ip4_input         ip4.o
    0x0800f20c   0x0800f20c   0x00000028   Code   RO        11748    i.ip4_output_if     ip4.o
    0x0800f234   0x0800f234   0x00000180   Code   RO        11749    i.ip4_output_if_src  ip4.o
    0x0800f3b4   0x0800f3b4   0x00000610   Code   RO        11861    i.ip4_reass         ip4_frag.o
    0x0800f9c4   0x0800f9c4   0x00000084   Code   RO        11750    i.ip4_route         ip4.o
    0x0800fa48   0x0800fa48   0x00000230   Code   RO        11862    i.ip_reass_free_complete_datagram  ip4_frag.o
    0x0800fc78   0x0800fc78   0x00000030   Code   RO        11863    i.ip_reass_tmr      ip4_frag.o
    0x0800fca8   0x0800fca8   0x000000c0   Code   RO        11864    i.ipfrag_free_pbuf_custom  ip4_frag.o
    0x0800fd68   0x0800fd68   0x00000018   Code   RO          525    i.iwdg_task         freertos.o
    0x0800fd80   0x0800fd80   0x00000178   Code   RO          526    i.key_task          freertos.o
    0x0800fef8   0x0800fef8   0x00000030   Code   RO          527    i.led_task          freertos.o
    0x0800ff28   0x0800ff28   0x000000bc   Code   RO         1786    i.low_level_output  ethernetif.o
    0x0800ffe4   0x0800ffe4   0x00000040   Code   RO        11227    i.lwip_cyclic_timer  timeouts.o
    0x08010024   0x08010024   0x00000004   Code   RO         9952    i.lwip_htonl        def.o
    0x08010028   0x08010028   0x00000004   Code   RO         9953    i.lwip_htons        def.o
    0x0801002c   0x0801002c   0x00000022   Code   RO        10086    i.lwip_init         init.o
    0x0801004e   0x0801004e   0x00000002   PAD
    0x08010050   0x08010050   0x00000884   Code   RO           21    i.main              main.o
    0x080108d4   0x080108d4   0x0000003c   Code   RO          528    i.main_task         freertos.o
    0x08010910   0x08010910   0x00000052   Code   RO         6662    i.mem_cpy           ff.o
    0x08010962   0x08010962   0x00000002   PAD
    0x08010964   0x08010964   0x00000364   Code   RO        10157    i.mem_free          mem.o
    0x08010cc8   0x08010cc8   0x000000cc   Code   RO        10158    i.mem_init          mem.o
    0x08010d94   0x08010d94   0x00000260   Code   RO        10159    i.mem_malloc        mem.o
    0x08010ff4   0x08010ff4   0x00000036   Code   RO         6663    i.mem_set           ff.o
    0x0801102a   0x0801102a   0x00000002   PAD
    0x0801102c   0x0801102c   0x000001f4   Code   RO        10160    i.mem_trim          mem.o
    0x08011220   0x08011220   0x000000d4   Code   RO        10218    i.memp_free         memp.o
    0x080112f4   0x080112f4   0x000000dc   Code   RO        10219    i.memp_free_pool    memp.o
    0x080113d0   0x080113d0   0x00000048   Code   RO        10220    i.memp_init         memp.o
    0x08011418   0x08011418   0x000000dc   Code   RO        10222    i.memp_malloc       memp.o
    0x080114f4   0x080114f4   0x000000e0   Code   RO        10223    i.memp_malloc_pool  memp.o
    0x080115d4   0x080115d4   0x00000036   Code   RO         6664    i.move_window       ff.o
    0x0801160a   0x0801160a   0x00000002   PAD
    0x0801160c   0x0801160c   0x00000260   Code   RO        10354    i.netif_add         netif.o
    0x0801186c   0x0801186c   0x000000d0   Code   RO        10356    i.netif_do_set_ipaddr  netif.o
    0x0801193c   0x0801193c   0x00000028   Code   RO        10358    i.netif_get_by_index  netif.o
    0x08011964   0x08011964   0x00000002   Code   RO        10360    i.netif_init        netif.o
    0x08011966   0x08011966   0x00000006   Code   RO        10363    i.netif_null_output_ip4  netif.o
    0x0801196c   0x0801196c   0x00000078   Code   RO        10365    i.netif_set_addr    netif.o
    0x080119e4   0x080119e4   0x0000000c   Code   RO        10366    i.netif_set_default  netif.o
    0x080119f0   0x080119f0   0x000000ac   Code   RO        10367    i.netif_set_down    netif.o
    0x08011a9c   0x08011a9c   0x00000008   Code   RO        10370    i.netif_set_link_callback  netif.o
    0x08011aa4   0x08011aa4   0x000000b0   Code   RO        10371    i.netif_set_link_down  netif.o
    0x08011b54   0x08011b54   0x000000e8   Code   RO        10372    i.netif_set_link_up  netif.o
    0x08011c3c   0x08011c3c   0x000000bc   Code   RO        10374    i.netif_set_up      netif.o
    0x08011cf8   0x08011cf8   0x00000010   Code   RO         7722    i.osDelay           cmsis_os.o
    0x08011d08   0x08011d08   0x00000010   Code   RO         7724    i.osKernelRunning   cmsis_os.o
    0x08011d18   0x08011d18   0x0000000a   Code   RO         7725    i.osKernelStart     cmsis_os.o
    0x08011d22   0x08011d22   0x0000000e   Code   RO         7726    i.osKernelSysTick   cmsis_os.o
    0x08011d30   0x08011d30   0x0000002e   Code   RO         7734    i.osMessageCreate   cmsis_os.o
    0x08011d5e   0x08011d5e   0x00000002   PAD
    0x08011d60   0x08011d60   0x0000009c   Code   RO         7736    i.osMessageGet      cmsis_os.o
    0x08011dfc   0x08011dfc   0x00000054   Code   RO         7738    i.osMessagePut      cmsis_os.o
    0x08011e50   0x08011e50   0x00000010   Code   RO         7740    i.osMutexCreate     cmsis_os.o
    0x08011e60   0x08011e60   0x00000054   Code   RO         7742    i.osMutexRelease    cmsis_os.o
    0x08011eb4   0x08011eb4   0x00000064   Code   RO         7743    i.osMutexWait       cmsis_os.o
    0x08011f18   0x08011f18   0x0000003e   Code   RO         7751    i.osSemaphoreCreate  cmsis_os.o
    0x08011f56   0x08011f56   0x00000016   Code   RO         7752    i.osSemaphoreDelete  cmsis_os.o
    0x08011f6c   0x08011f6c   0x00000054   Code   RO         7754    i.osSemaphoreRelease  cmsis_os.o
    0x08011fc0   0x08011fc0   0x00000064   Code   RO         7755    i.osSemaphoreWait   cmsis_os.o
    0x08012024   0x08012024   0x00000068   Code   RO         7759    i.osThreadCreate    cmsis_os.o
    0x0801208c   0x0801208c   0x00000006   Code   RO        10515    i.pbuf_add_header   pbuf.o
    0x08012092   0x08012092   0x00000002   PAD
    0x08012094   0x08012094   0x00000074   Code   RO        10517    i.pbuf_add_header_impl  pbuf.o
    0x08012108   0x08012108   0x0000020c   Code   RO        10518    i.pbuf_alloc        pbuf.o
    0x08012314   0x08012314   0x000000ac   Code   RO        10519    i.pbuf_alloc_reference  pbuf.o
    0x080123c0   0x080123c0   0x00000042   Code   RO        10520    i.pbuf_alloced_custom  pbuf.o
    0x08012402   0x08012402   0x00000002   PAD
    0x08012404   0x08012404   0x000000ec   Code   RO        10521    i.pbuf_cat          pbuf.o
    0x080124f0   0x080124f0   0x00000040   Code   RO        10522    i.pbuf_chain        pbuf.o
    0x08012530   0x08012530   0x00000012   Code   RO        10523    i.pbuf_clen         pbuf.o
    0x08012542   0x08012542   0x00000002   PAD
    0x08012544   0x08012544   0x00000048   Code   RO        10524    i.pbuf_clone        pbuf.o
    0x0801258c   0x0801258c   0x000001fc   Code   RO        10526    i.pbuf_copy         pbuf.o
    0x08012788   0x08012788   0x000000d8   Code   RO        10527    i.pbuf_copy_partial  pbuf.o
    0x08012860   0x08012860   0x0000016c   Code   RO        10529    i.pbuf_free         pbuf.o
    0x080129cc   0x080129cc   0x00000010   Code   RO        10534    i.pbuf_header_force  pbuf.o
    0x080129dc   0x080129dc   0x0000013c   Code   RO        10538    i.pbuf_realloc      pbuf.o
    0x08012b18   0x08012b18   0x0000004c   Code   RO        10539    i.pbuf_ref          pbuf.o
    0x08012b64   0x08012b64   0x0000008c   Code   RO        10540    i.pbuf_remove_header  pbuf.o
    0x08012bf0   0x08012bf0   0x00000140   Code   RO        10543    i.pbuf_take         pbuf.o
    0x08012d30   0x08012d30   0x00000074   Code   RO         7422    i.prvAddCurrentTaskToDelayedList  tasks.o
    0x08012da4   0x08012da4   0x000000e4   Code   RO         7423    i.prvAddNewTaskToReadyList  tasks.o
    0x08012e88   0x08012e88   0x0000008c   Code   RO         7424    i.prvIdleTask       tasks.o
    0x08012f14   0x08012f14   0x0000002c   Code   RO         8131    i.prvTaskExitError  port.o
    0x08012f40   0x08012f40   0x0000006c   Code   RO         7146    i.prvUnlockQueue    queue.o
    0x08012fac   0x08012fac   0x00000104   Code   RO         6665    i.put_fat           ff.o
    0x080130b0   0x080130b0   0x00000190   Code   RO         8072    i.pvPortMalloc      heap_4.o
    0x08013240   0x08013240   0x00000018   Code   RO         7425    i.pvTaskIncrementMutexHeldCount  tasks.o
    0x08013258   0x08013258   0x0000002c   Code   RO         8132    i.pxPortInitialiseStack  port.o
    0x08013284   0x08013284   0x00000082   Code   RO         6667    i.remove_chain      ff.o
    0x08013306   0x08013306   0x00000002   PAD
    0x08013308   0x08013308   0x000005ec   Code   RO          529    i.screen_task       freertos.o
    0x080138f4   0x080138f4   0x00000004   PAD
    0x080138f8   0x080138f8   0x000008dc   Code   RO          530    i.sd_task           freertos.o
    0x080141d4   0x080141d4   0x0000004c   Code   RO         1370    i.sht31_init        sht31.o
    0x08014220   0x08014220   0x00000120   Code   RO         1371    i.sht31_sample      sht31.o
    0x08014340   0x08014340   0x00000018   Code   RO          531    i.sht31_task        freertos.o
    0x08014358   0x08014358   0x000000b6   Code   RO         6668    i.sync_fs           ff.o
    0x0801440e   0x0801440e   0x00000054   Code   RO         6669    i.sync_window       ff.o
    0x08014462   0x08014462   0x00000050   Code   RO        12094    i.sys_arch_mbox_fetch  sys_arch.o
    0x080144b2   0x080144b2   0x00000002   PAD
    0x080144b4   0x080144b4   0x00000018   Code   RO        12096    i.sys_arch_protect  sys_arch.o
    0x080144cc   0x080144cc   0x0000000c   Code   RO        12098    i.sys_arch_unprotect  sys_arch.o
    0x080144d8   0x080144d8   0x00000044   Code   RO        11228    i.sys_check_timeouts  timeouts.o
    0x0801451c   0x0801451c   0x00000018   Code   RO        12099    i.sys_init          sys_arch.o
    0x08014534   0x08014534   0x00000034   Code   RO        12101    i.sys_mbox_new      sys_arch.o
    0x08014568   0x08014568   0x00000014   Code   RO        12104    i.sys_mbox_trypost  sys_arch.o
    0x0801457c   0x0801457c   0x0000000a   Code   RO        12106    i.sys_mbox_valid    sys_arch.o
    0x08014586   0x08014586   0x0000000a   Code   RO        12108    i.sys_mutex_lock    sys_arch.o
    0x08014590   0x08014590   0x00000022   Code   RO        12109    i.sys_mutex_new     sys_arch.o
    0x080145b2   0x080145b2   0x00000006   Code   RO        12110    i.sys_mutex_unlock  sys_arch.o
    0x080145b8   0x080145b8   0x00000004   Code   RO         1788    i.sys_now           ethernetif.o
    0x080145bc   0x080145bc   0x00000028   Code   RO        12116    i.sys_thread_new    sys_arch.o
    0x080145e4   0x080145e4   0x000000c4   Code   RO        11230    i.sys_timeout       timeouts.o
    0x080146a8   0x080146a8   0x000000a8   Code   RO        11231    i.sys_timeout_abs   timeouts.o
    0x08014750   0x08014750   0x00000050   Code   RO        11232    i.sys_timeouts_init  timeouts.o
    0x080147a0   0x080147a0   0x00000028   Code   RO        11233    i.sys_timeouts_sleeptime  timeouts.o
    0x080147c8   0x080147c8   0x0000021c   Code   RO        10767    i.tcp_abandon       tcp.o
    0x080149e4   0x080149e4   0x00000006   Code   RO        10768    i.tcp_abort         tcp.o
    0x080149ea   0x080149ea   0x00000002   PAD
    0x080149ec   0x080149ec   0x00000208   Code   RO        10771    i.tcp_alloc         tcp.o
    0x08014bf4   0x08014bf4   0x000002e0   Code   RO        10776    i.tcp_close_shutdown  tcp.o
    0x08014ed4   0x08014ed4   0x0000007c   Code   RO        10777    i.tcp_close_shutdown_fin  tcp.o
    0x08014f50   0x08014f50   0x00000180   Code   RO        11100    i.tcp_create_segment  tcp_out.o
    0x080150d0   0x080150d0   0x00000068   Code   RO        10780    i.tcp_eff_send_mss_netif  tcp.o
    0x08015138   0x08015138   0x0000024c   Code   RO        11101    i.tcp_enqueue_flags  tcp_out.o
    0x08015384   0x08015384   0x00000158   Code   RO        10782    i.tcp_fasttmr       tcp.o
    0x080154dc   0x080154dc   0x00000090   Code   RO        10783    i.tcp_free          tcp.o
    0x0801556c   0x0801556c   0x000000ec   Code   RO        11036    i.tcp_free_acked_segments  tcp_in.o
    0x08015658   0x08015658   0x00000018   Code   RO        10784    i.tcp_init          tcp.o
    0x08015670   0x08015670   0x000008ec   Code   RO        11037    i.tcp_input         tcp_in.o
    0x08015f5c   0x08015f5c   0x000000b8   Code   RO        11102    i.tcp_keepalive     tcp_out.o
    0x08016014   0x08016014   0x000000dc   Code   RO        10787    i.tcp_netif_ip_addr_changed  tcp.o
    0x080160f0   0x080160f0   0x00000048   Code   RO        10790    i.tcp_next_iss      tcp.o
    0x08016138   0x08016138   0x000004dc   Code   RO        11103    i.tcp_output        tcp_out.o
    0x08016614   0x08016614   0x000000e0   Code   RO        11104    i.tcp_output_alloc_header  tcp_out.o
    0x080166f4   0x080166f4   0x0000009c   Code   RO        11105    i.tcp_output_control_segment  tcp_out.o
    0x08016790   0x08016790   0x00000188   Code   RO        11038    i.tcp_parseopt      tcp_in.o
    0x08016918   0x08016918   0x000000d8   Code   RO        11106    i.tcp_pbuf_prealloc  tcp_out.o
    0x080169f0   0x080169f0   0x000000f8   Code   RO        10791    i.tcp_pcb_purge     tcp.o
    0x08016ae8   0x08016ae8   0x00000168   Code   RO        10792    i.tcp_pcb_remove    tcp.o
    0x08016c50   0x08016c50   0x00000536   Code   RO        11039    i.tcp_process       tcp_in.o
    0x08017186   0x08017186   0x00000002   PAD
    0x08017188   0x08017188   0x000000d4   Code   RO        10794    i.tcp_process_refused_data  tcp.o
    0x0801725c   0x0801725c   0x000005b0   Code   RO        11040    i.tcp_receive       tcp_in.o
    0x0801780c   0x0801780c   0x00000070   Code   RO        10796    i.tcp_recv_null     tcp.o
    0x0801787c   0x0801787c   0x000000f8   Code   RO        10797    i.tcp_recved        tcp.o
    0x08017974   0x08017974   0x00000098   Code   RO        11107    i.tcp_rexmit        tcp_out.o
    0x08017a0c   0x08017a0c   0x000000f0   Code   RO        11108    i.tcp_rexmit_fast   tcp_out.o
    0x08017afc   0x08017afc   0x000000cc   Code   RO        11109    i.tcp_rexmit_rto    tcp_out.o
    0x08017bc8   0x08017bc8   0x00000058   Code   RO        11110    i.tcp_rexmit_rto_commit  tcp_out.o
    0x08017c20   0x08017c20   0x000000d8   Code   RO        11111    i.tcp_rexmit_rto_prepare  tcp_out.o
    0x08017cf8   0x08017cf8   0x00000184   Code   RO        11112    i.tcp_rst           tcp_out.o
    0x08017e7c   0x08017e7c   0x00000020   Code   RO        10798    i.tcp_seg_free      tcp.o
    0x08017e9c   0x08017e9c   0x00000026   Code   RO        10799    i.tcp_segs_free     tcp.o
    0x08017ec2   0x08017ec2   0x00000002   PAD
    0x08017ec4   0x08017ec4   0x0000007c   Code   RO        11113    i.tcp_send_empty_ack  tcp_out.o
    0x08017f40   0x08017f40   0x000000d0   Code   RO        11114    i.tcp_send_fin      tcp_out.o
    0x08018010   0x08018010   0x00000618   Code   RO        10803    i.tcp_slowtmr       tcp.o
    0x08018628   0x08018628   0x0000023c   Code   RO        11115    i.tcp_split_unsent_seg  tcp_out.o
    0x08018864   0x08018864   0x00000044   Code   RO        11235    i.tcp_timer_needed  timeouts.o
    0x080188a8   0x080188a8   0x00000024   Code   RO        10805    i.tcp_tmr           tcp.o
    0x080188cc   0x080188cc   0x00000010   Code   RO        11041    i.tcp_trigger_input_pcb_close  tcp_in.o
    0x080188dc   0x080188dc   0x000000ac   Code   RO        10807    i.tcp_update_rcv_ann_wnd  tcp.o
    0x08018988   0x08018988   0x00000884   Code   RO        11116    i.tcp_write         tcp_out.o
    0x0801920c   0x0801920c   0x0000013c   Code   RO        11117    i.tcp_zero_window_probe  tcp_out.o
    0x08019348   0x08019348   0x00000114   Code   RO         9793    i.tcpip_init        tcpip.o
    0x0801945c   0x0801945c   0x00000074   Code   RO         9794    i.tcpip_inpkt       tcpip.o
    0x080194d0   0x080194d0   0x000000c0   Code   RO         9795    i.tcpip_input       tcpip.o
    0x08019590   0x08019590   0x00000040   Code   RO        11236    i.tcpip_tcp_timer   timeouts.o
    0x080195d0   0x080195d0   0x00000148   Code   RO         9797    i.tcpip_thread      tcpip.o
    0x08019718   0x08019718   0x00000150   Code   RO        11316    i.udp_bind          udp.o
    0x08019868   0x08019868   0x000000c4   Code   RO         1473    i.udp_client_init   udp_client.o
    0x0801992c   0x0801992c   0x00000044   Code   RO         1474    i.udp_client_send   udp_client.o
    0x08019970   0x08019970   0x0000010c   Code   RO        11318    i.udp_connect       udp.o
    0x08019a7c   0x08019a7c   0x00000018   Code   RO        11320    i.udp_init          udp.o
    0x08019a94   0x08019a94   0x000002fc   Code   RO        11321    i.udp_input         udp.o
    0x08019d90   0x08019d90   0x00000038   Code   RO        11322    i.udp_netif_ip_addr_changed  udp.o
    0x08019dc8   0x08019dc8   0x00000026   Code   RO        11323    i.udp_new           udp.o
    0x08019dee   0x08019dee   0x00000002   PAD
    0x08019df0   0x08019df0   0x0000007c   Code   RO         1475    i.udp_receive_callback  udp_client.o
    0x08019e6c   0x08019e6c   0x00000088   Code   RO        11325    i.udp_recv          udp.o
    0x08019ef4   0x08019ef4   0x000000b0   Code   RO        11326    i.udp_remove        udp.o
    0x08019fa4   0x08019fa4   0x0000010c   Code   RO        11327    i.udp_send          udp.o
    0x0801a0b0   0x0801a0b0   0x000000d8   Code   RO        11328    i.udp_sendto        udp.o
    0x0801a188   0x0801a188   0x00000124   Code   RO        11329    i.udp_sendto_if     udp.o
    0x0801a2ac   0x0801a2ac   0x00000294   Code   RO        11330    i.udp_sendto_if_src  udp.o
    0x0801a540   0x0801a540   0x00000026   Code   RO         7106    i.uxListRemove      list.o
    0x0801a566   0x0801a566   0x00000002   PAD
    0x0801a568   0x0801a568   0x00000014   Code   RO          532    i.vApplicationGetIdleTaskMemory  freertos.o
    0x0801a57c   0x0801a57c   0x00000016   Code   RO         7107    i.vListInitialise   list.o
    0x0801a592   0x0801a592   0x00000006   Code   RO         7108    i.vListInitialiseItem  list.o
    0x0801a598   0x0801a598   0x0000003a   Code   RO         7109    i.vListInsert       list.o
    0x0801a5d2   0x0801a5d2   0x00000018   Code   RO         7110    i.vListInsertEnd    list.o
    0x0801a5ea   0x0801a5ea   0x00000002   PAD
    0x0801a5ec   0x0801a5ec   0x00000040   Code   RO         8134    i.vPortEnterCritical  port.o
    0x0801a62c   0x0801a62c   0x0000002c   Code   RO         8135    i.vPortExitCritical  port.o
    0x0801a658   0x0801a658   0x000000a8   Code   RO         8073    i.vPortFree         heap_4.o
    0x0801a700   0x0801a700   0x00000024   Code   RO         8136    i.vPortSetupTimerInterrupt  port.o
    0x0801a724   0x0801a724   0x00000054   Code   RO         8137    i.vPortValidateInterruptPriority  port.o
    0x0801a778   0x0801a778   0x00000050   Code   RO         7151    i.vQueueDelete      queue.o
    0x0801a7c8   0x0801a7c8   0x0000004c   Code   RO         7433    i.vTaskDelay        tasks.o
    0x0801a814   0x0801a814   0x00000010   Code   RO         7436    i.vTaskInternalSetTimeOutState  tasks.o
    0x0801a824   0x0801a824   0x0000000c   Code   RO         7437    i.vTaskMissedYield  tasks.o
    0x0801a830   0x0801a830   0x00000034   Code   RO         7439    i.vTaskPlaceOnEventList  tasks.o
    0x0801a864   0x0801a864   0x000000ac   Code   RO         7441    i.vTaskPriorityDisinheritAfterTimeout  tasks.o
    0x0801a910   0x0801a910   0x0000006c   Code   RO         7446    i.vTaskStartScheduler  tasks.o
    0x0801a97c   0x0801a97c   0x00000010   Code   RO         7448    i.vTaskSuspendAll   tasks.o
    0x0801a98c   0x0801a98c   0x0000005c   Code   RO         7449    i.vTaskSwitchContext  tasks.o
    0x0801a9e8   0x0801a9e8   0x00000054   Code   RO         6670    i.validate          ff.o
    0x0801aa3c   0x0801aa3c   0x00000ac8   Code   RO          533    i.wwan_task         freertos.o
    0x0801b504   0x0801b504   0x00000104   Code   RO         8138    i.xPortStartScheduler  port.o
    0x0801b608   0x0801b608   0x0000006c   Code   RO         7153    i.xQueueCreateMutex  queue.o
    0x0801b674   0x0801b674   0x00000028   Code   RO         7154    i.xQueueCreateMutexStatic  queue.o
    0x0801b69c   0x0801b69c   0x00000084   Code   RO         7155    i.xQueueGenericCreate  queue.o
    0x0801b720   0x0801b720   0x000000b2   Code   RO         7156    i.xQueueGenericCreateStatic  queue.o
    0x0801b7d2   0x0801b7d2   0x00000002   PAD
    0x0801b7d4   0x0801b7d4   0x000001d4   Code   RO         7158    i.xQueueGenericSend  queue.o
    0x0801b9a8   0x0801b9a8   0x0000011c   Code   RO         7159    i.xQueueGenericSendFromISR  queue.o
    0x0801bac4   0x0801bac4   0x0000009e   Code   RO         7160    i.xQueueGiveFromISR  queue.o
    0x0801bb62   0x0801bb62   0x00000002   PAD
    0x0801bb64   0x0801bb64   0x00000158   Code   RO         7165    i.xQueueReceive     queue.o
    0x0801bcbc   0x0801bcbc   0x000000ae   Code   RO         7166    i.xQueueReceiveFromISR  queue.o
    0x0801bd6a   0x0801bd6a   0x00000002   PAD
    0x0801bd6c   0x0801bd6c   0x0000019c   Code   RO         7167    i.xQueueSemaphoreTake  queue.o
    0x0801bf08   0x0801bf08   0x00000080   Code   RO         7451    i.xTaskCheckForTimeOut  tasks.o
    0x0801bf88   0x0801bf88   0x000000c2   Code   RO         7452    i.xTaskCreate       tasks.o
    0x0801c04a   0x0801c04a   0x000000de   Code   RO         7453    i.xTaskCreateStatic  tasks.o
    0x0801c128   0x0801c128   0x0000001c   Code   RO         7457    i.xTaskGetSchedulerState  tasks.o
    0x0801c144   0x0801c144   0x0000000c   Code   RO         7458    i.xTaskGetTickCount  tasks.o
    0x0801c150   0x0801c150   0x00000010   Code   RO         7459    i.xTaskGetTickCountFromISR  tasks.o
    0x0801c160   0x0801c160   0x000000ec   Code   RO         7460    i.xTaskIncrementTick  tasks.o
    0x0801c24c   0x0801c24c   0x0000009c   Code   RO         7463    i.xTaskPriorityDisinherit  tasks.o
    0x0801c2e8   0x0801c2e8   0x00000090   Code   RO         7464    i.xTaskPriorityInherit  tasks.o
    0x0801c378   0x0801c378   0x00000078   Code   RO         7465    i.xTaskRemoveFromEventList  tasks.o
    0x0801c3f0   0x0801c3f0   0x000001b8   Code   RO         7466    i.xTaskResumeAll    tasks.o
    0x0801c5a8   0x0801c5a8   0x0000016c   Data   RO          535    .constdata          freertos.o
    0x0801c714   0x0801c714   0x00000014   Data   RO         1655    .constdata          sd_diskio.o
    0x0801c728   0x0801c728   0x00000010   Data   RO         1656    .constdata          sd_diskio.o
    0x0801c738   0x0801c738   0x0000001c   Data   RO         1790    .constdata          ethernetif.o
    0x0801c754   0x0801c754   0x0000001c   Data   RO         1896    .constdata          lwip.o
    0x0801c770   0x0801c770   0x00000008   Data   RO         2526    .constdata          stm32f4xx_hal_dma.o
    0x0801c778   0x0801c778   0x00000010   Data   RO         6540    .constdata          system_stm32f4xx.o
    0x0801c788   0x0801c788   0x00000008   Data   RO         6541    .constdata          system_stm32f4xx.o
    0x0801c790   0x0801c790   0x0000002a   Data   RO         6672    .constdata          ff.o
    0x0801c7ba   0x0801c7ba   0x0002abb6   Data   RO         6981    .constdata          cc936.o
    0x08047370   0x08047370   0x00000006   Data   RO         8733    .constdata          ethernet.o
    0x08047376   0x08047376   0x00000006   Data   RO         8734    .constdata          ethernet.o
    0x0804737c   0x0804737c   0x0000000c   Data   RO        10237    .constdata          memp.o
    0x08047388   0x08047388   0x0000000c   Data   RO        10238    .constdata          memp.o
    0x08047394   0x08047394   0x0000000c   Data   RO        10239    .constdata          memp.o
    0x080473a0   0x080473a0   0x0000000c   Data   RO        10240    .constdata          memp.o
    0x080473ac   0x080473ac   0x0000000c   Data   RO        10241    .constdata          memp.o
    0x080473b8   0x080473b8   0x0000000c   Data   RO        10242    .constdata          memp.o
    0x080473c4   0x080473c4   0x0000000c   Data   RO        10243    .constdata          memp.o
    0x080473d0   0x080473d0   0x0000000c   Data   RO        10244    .constdata          memp.o
    0x080473dc   0x080473dc   0x0000000c   Data   RO        10245    .constdata          memp.o
    0x080473e8   0x080473e8   0x0000000c   Data   RO        10246    .constdata          memp.o
    0x080473f4   0x080473f4   0x0000000c   Data   RO        10247    .constdata          memp.o
    0x08047400   0x08047400   0x0000000c   Data   RO        10248    .constdata          memp.o
    0x0804740c   0x0804740c   0x0000000c   Data   RO        10249    .constdata          memp.o
    0x08047418   0x08047418   0x00000034   Data   RO        10250    .constdata          memp.o
    0x0804744c   0x0804744c   0x00000054   Data   RO        10808    .constdata          tcp.o
    0x080474a0   0x080474a0   0x00000028   Data   RO        11237    .constdata          timeouts.o
    0x080474c8   0x080474c8   0x00000004   Data   RO        11801    .constdata          ip4_addr.o
    0x080474cc   0x080474cc   0x00000004   Data   RO        11802    .constdata          ip4_addr.o
    0x080474d0   0x080474d0   0x00000018   Data   RO        12117    .constdata          sys_arch.o
    0x080474e8   0x080474e8   0x000001df   Data   RO          536    .conststring        freertos.o
    0x080476c7   0x080476c7   0x00000001   PAD
    0x080476c8   0x080476c8   0x00000006   Data   RO         1791    .conststring        ethernetif.o
    0x080476ce   0x080476ce   0x00000002   PAD
    0x080476d0   0x080476d0   0x00000008   Data   RO         1897    .conststring        lwip.o
    0x080476d8   0x080476d8   0x00000075   Data   RO        10809    .conststring        tcp.o
    0x0804774d   0x0804774d   0x00000003   PAD
    0x08047750   0x08047750   0x00000055   Data   RO        11118    .conststring        tcp_out.o
    0x080477a5   0x080477a5   0x00000003   PAD
    0x080477a8   0x080477a8   0x00000042   Data   RO        11475    .conststring        dhcp.o
    0x080477ea   0x080477ea   0x00000002   PAD
    0x080477ec   0x080477ec   0x00000041   Data   RO        11616    .conststring        etharp.o
    0x0804782d   0x0804782d   0x00000003   PAD
    0x08047830   0x08047830   0x00000020   Data   RO        12798    Region$$Table       anon$$obj.o


    Execution Region RW_IRAM1 (Exec base: 0x20000000, Load base: 0x08047850, Size: 0x00015f00, Max: 0x0001c000, ABSOLUTE, COMPRESSED[0x000000e8])

    Exec Addr    Load Addr    Size         Type   Attr      Idx    E Section Name        Object

    0x20000000   COMPRESSED   0x00000010   Data   RW           23    .data               main.o
    0x20000010   COMPRESSED   0x000002ae   Data   RW          537    .data               freertos.o
    0x200002be   COMPRESSED   0x00000001   Data   RW          538    .data               freertos.o
    0x200002bf   COMPRESSED   0x00000001   Data   RW          543    .data               freertos.o
    0x200002c0   COMPRESSED   0x00000001   Data   RW          544    .data               freertos.o
    0x200002c1   COMPRESSED   0x00000002   Data   RW          545    .data               freertos.o
    0x200002c3   COMPRESSED   0x00000004   Data   RW          546    .data               freertos.o
    0x200002c7   COMPRESSED   0x00000004   Data   RW          547    .data               freertos.o
    0x200002cb   COMPRESSED   0x00000001   PAD
    0x200002cc   COMPRESSED   0x00000008   Data   RW          792    .data               fsmc.o
    0x200002d4   COMPRESSED   0x0000000c   Data   RW         1476    .data               udp_client.o
    0x200002e0   COMPRESSED   0x00000008   Data   RW         1657    .data               sd_diskio.o
    0x200002e8   COMPRESSED   0x00000005   Data   RW         1744    .data               fatfs.o
    0x200002ed   COMPRESSED   0x00000003   PAD
    0x200002f0   COMPRESSED   0x00000004   Data   RW         1792    .data               ethernetif.o
    0x200002f4   COMPRESSED   0x00000018   Data   RW         1898    .data               lwip.o
    0x2000030c   COMPRESSED   0x0000000c   Data   RW         2936    .data               stm32f4xx_hal.o
    0x20000318   COMPRESSED   0x00000004   Data   RW         6542    .data               system_stm32f4xx.o
    0x2000031c   COMPRESSED   0x00000008   Data   RW         6673    .data               ff.o
    0x20000324   COMPRESSED   0x0000003c   Data   RW         7469    .data               tasks.o
    0x20000360   COMPRESSED   0x00000020   Data   RW         8079    .data               heap_4.o
    0x20000380   COMPRESSED   0x0000000c   Data   RW         8139    .data               port.o
    0x2000038c   COMPRESSED   0x00000010   Data   RW         9799    .data               tcpip.o
    0x2000039c   COMPRESSED   0x00000010   Data   RW        10162    .data               mem.o
    0x200003ac   COMPRESSED   0x00000004   Data   RW        10251    .data               memp.o
    0x200003b0   COMPRESSED   0x00000004   Data   RW        10252    .data               memp.o
    0x200003b4   COMPRESSED   0x00000004   Data   RW        10253    .data               memp.o
    0x200003b8   COMPRESSED   0x00000004   Data   RW        10254    .data               memp.o
    0x200003bc   COMPRESSED   0x00000004   Data   RW        10255    .data               memp.o
    0x200003c0   COMPRESSED   0x00000004   Data   RW        10256    .data               memp.o
    0x200003c4   COMPRESSED   0x00000004   Data   RW        10257    .data               memp.o
    0x200003c8   COMPRESSED   0x00000004   Data   RW        10258    .data               memp.o
    0x200003cc   COMPRESSED   0x00000004   Data   RW        10259    .data               memp.o
    0x200003d0   COMPRESSED   0x00000004   Data   RW        10260    .data               memp.o
    0x200003d4   COMPRESSED   0x00000004   Data   RW        10261    .data               memp.o
    0x200003d8   COMPRESSED   0x00000004   Data   RW        10262    .data               memp.o
    0x200003dc   COMPRESSED   0x00000004   Data   RW        10263    .data               memp.o
    0x200003e0   COMPRESSED   0x0000000c   Data   RW        10375    .data               netif.o
    0x200003ec   COMPRESSED   0x00000020   Data   RW        10810    .data               tcp.o
    0x2000040c   COMPRESSED   0x00000024   Data   RW        11043    .data               tcp_in.o
    0x20000430   COMPRESSED   0x0000000c   Data   RW        11239    .data               timeouts.o
    0x2000043c   COMPRESSED   0x00000008   Data   RW        11331    .data               udp.o
    0x20000444   COMPRESSED   0x00000014   Data   RW        11476    .data               dhcp.o
    0x20000458   COMPRESSED   0x00000001   Data   RW        11617    .data               etharp.o
    0x20000459   COMPRESSED   0x00000001   PAD
    0x2000045a   COMPRESSED   0x00000002   Data   RW        11751    .data               ip4.o
    0x2000045c   COMPRESSED   0x00000008   Data   RW        11865    .data               ip4_frag.o
    0x20000464   COMPRESSED   0x00000004   Data   RW        12119    .data               sys_arch.o
    0x20000468   COMPRESSED   0x00000004   Data   RW        12456    .data               mc_w.l(rand.o)
    0x2000046c   COMPRESSED   0x00000004   Data   RW        12757    .data               mc_w.l(stdout.o)
    0x20000470        -       0x00000614   Zero   RW          534    .bss                freertos.o
    0x20000a84        -       0x000000d8   Zero   RW          715    .bss                adc.o
    0x20000b5c        -       0x00000050   Zero   RW          791    .bss                fsmc.o
    0x20000bac        -       0x00000054   Zero   RW          834    .bss                i2c.o
    0x20000c00        -       0x0000000c   Zero   RW          874    .bss                iwdg.o
    0x20000c0c        -       0x00000020   Zero   RW          906    .bss                rtc.o
    0x20000c2c        -       0x00000144   Zero   RW          949    .bss                sdio.o
    0x20000d70        -       0x000000b0   Zero   RW          997    .bss                spi.o
    0x20000e20        -       0x0000018c   Zero   RW         1047    .bss                usart.o
    0x20000fac        -       0x00000048   Zero   RW         1231    .bss                stm32f4xx_hal_timebase_tim.o
    0x20000ff4        -       0x00000238   Zero   RW         1742    .bss                fatfs.o
    0x2000122c        -       0x00000230   Zero   RW         1743    .bss                fatfs.o
    0x2000145c        -       0x000030e8   Zero   RW         1789    .bss                ethernetif.o
    0x20004544        -       0x00000038   Zero   RW         1895    .bss                lwip.o
    0x2000457c        -       0x00000020   Zero   RW         6671    .bss                ff.o
    0x2000459c        -       0x0000000c   Zero   RW         6886    .bss                ff_gen_drv.o
    0x200045a8        -       0x00000040   Zero   RW         7168    .bss                queue.o
    0x200045e8        -       0x000000f0   Zero   RW         7468    .bss                tasks.o
    0x200046d8        -       0x0000a000   Zero   RW         8078    .bss                heap_4.o
    0x2000e6d8        -       0x00000018   Zero   RW        10132    .bss                ip.o
    0x2000e6f0        -       0x00000653   Zero   RW        10161    .bss                mem.o
    0x2000ed43        -       0x00000083   Zero   RW        10224    .bss                memp.o
    0x2000edc6        -       0x000002fb   Zero   RW        10225    .bss                memp.o
    0x2000f0c1        -       0x000000e3   Zero   RW        10226    .bss                memp.o
    0x2000f1a4        -       0x00000103   Zero   RW        10227    .bss                memp.o
    0x2000f2a7        -       0x000000a3   Zero   RW        10228    .bss                memp.o
    0x2000f34a        -       0x0000016b   Zero   RW        10229    .bss                memp.o
    0x2000f4b5        -       0x00000023   Zero   RW        10230    .bss                memp.o
    0x2000f4d8        -       0x000000a3   Zero   RW        10231    .bss                memp.o
    0x2000f57b        -       0x00000083   Zero   RW        10232    .bss                memp.o
    0x2000f5fe        -       0x00000083   Zero   RW        10233    .bss                memp.o
    0x2000f681        -       0x00000053   Zero   RW        10234    .bss                memp.o
    0x2000f6d4        -       0x00000103   Zero   RW        10235    .bss                memp.o
    0x2000f7d7        -       0x00002603   Zero   RW        10236    .bss                memp.o
    0x20011dda   COMPRESSED   0x00000002   PAD
    0x20011ddc        -       0x00000010   Zero   RW        11042    .bss                tcp_in.o
    0x20011dec        -       0x00000020   Zero   RW        11474    .bss                dhcp.o
    0x20011e0c        -       0x000000f0   Zero   RW        11615    .bss                etharp.o
    0x20011efc   COMPRESSED   0x00000004   PAD
    0x20011f00        -       0x00004000   Zero   RW            1    STACK               startup_stm32f407xx.o


    Execution Region RW_IRAM2 (Exec base: 0x2001c000, Load base: 0x08047938, Size: 0x00000000, Max: 0x00004000, ABSOLUTE)

    **** No section assigned to this execution region ****



  Load Region LR$$.ARM.__AT_0x68000000 (Base: 0x68000000, Size: 0x00000000, Max: 0x00000004, ABSOLUTE)

    Execution Region ER$$.ARM.__AT_0x68000000 (Exec base: 0x68000000, Load base: 0x68000000, Size: 0x00000004, Max: 0x00000004, ABSOLUTE, UNINIT)

    Exec Addr    Load Addr    Size         Type   Attr      Idx    E Section Name        Object

    0x68000000        -       0x00000001   Zero   RW           22    .ARM.__AT_0x68000000  main.o


==============================================================================

Image component sizes


      Code (inc. data)   RO Data    RW Data    ZI Data      Debug   Object Name

       540         60          0          0        216       3351   adc.o
      1520        298          0          0          0      10780   ade7878.o
         0          0          0          0          0       6459   api_lib.o
         0          0          0          0          0       4783   api_msg.o
         0          0          0          0          0       2204   auth.o
         0          0          0          0          0        604   bridgeif.o
       202         26          0          0          0       6170   bsp_driver_sd.o
       240         30     175030          0          0       2811   cc936.o
       914         30          0          0          0      38847   cmsis_os.o
         8          0          0          0          0       1122   def.o
      7152       1532         66         20         32      29676   dhcp.o
       156         24          0          0          0       3749   diskio.o
       108          4          0          0          0        854   dma.o
         0          0          0          0          0       2440   err.o
      3152       1026         65          1        240      12691   etharp.o
       428        154         12          0          0       2830   ethernet.o
      1398        172         34          4      12520      13658   ethernetif.o
         0          0          0          0          0      20020   event_groups.o
        32         12          0          5       1128       1556   fatfs.o
        28          6          0          0          0        581   fatfs_platform.o
      8498         82         42          8         32      49868   ff.o
        80          6          0          0         12       1692   ff_gen_drv.o
     12536       2852        843        699       1556      26577   freertos.o
       276         36          0          8         80       1975   fsmc.o
       448         28          0          0          0       1239   gpio.o
       568         24          0         32      40960       6799   heap_4.o
       172         26          0          0         84       1729   i2c.o
       932        356          0          0          0       4518   icmp.o
        34          0          0          0          0        588   init.o
         0          0          0          0         24       3238   ip.o
      1008        182          0          2          0       5832   ip4.o
        60          0          8          0          0       9075   ip4_addr.o
      3020        966          0          8          0      10490   ip4_frag.o
        44          8          0          0         12        731   iwdg.o
       148          0          0          0          0      12886   list.o
       176         36         36         24         56       1483   lwip.o
      3016       1438          0         16          1     878792   main.o
      2180       1038          0         16       1619       7669   mem.o
       948        552        208         52      12439      12927   memp.o
      1772        812          0         12          0      15275   netif.o
      3230       1330          0          0          0      17431   pbuf.o
       810         90          0         12          0      11993   port.o
      2486         20          0          0         64      22763   queue.o
       208         16          0          0         32       1767   rtc.o
       548         40         36          8          0       6313   sd_diskio.o
       236        108          0          0          0       3079   sd_log.o
       700        244          0          0        324       2685   sdio.o
       364         26          0          0          0       2530   sht31.o
       412         40          0          0        176       2558   spi.o
        36          8        392          0      16384        844   startup_stm32f407xx.o
       120         20          0         12          0       8786   stm32f4xx_hal.o
       804         28          0          0          0       2735   stm32f4xx_hal_adc.o
       166         10          0          0          0      32766   stm32f4xx_hal_cortex.o
      1176         20          8          0          0       6493   stm32f4xx_hal_dma.o
      2970         78          0          0          0      15269   stm32f4xx_hal_eth.o
       548         18          0          0          0       3420   stm32f4xx_hal_gpio.o
      2370         50          0          0          0      11170   stm32f4xx_hal_i2c.o
       114          0          0          0          0       1947   stm32f4xx_hal_iwdg.o
        60         10          0          0          0        886   stm32f4xx_hal_msp.o
      1596        116          0          0          0       6625   stm32f4xx_hal_rcc.o
       368         32          0          0          0       1404   stm32f4xx_hal_rcc_ex.o
      1160         12          0          0          0       7018   stm32f4xx_hal_rtc.o
      3438         74          0          0          0      17839   stm32f4xx_hal_sd.o
      1922         14          0          0          0       8543   stm32f4xx_hal_spi.o
        86          0          0          0          0       1244   stm32f4xx_hal_sram.o
       796         20          0          0          0       8148   stm32f4xx_hal_tim.o
         4          0          0          0          0       1633   stm32f4xx_hal_tim_ex.o
       116         16          0          0         72       1404   stm32f4xx_hal_timebase_tim.o
      1778         10          0          0          0      10547   stm32f4xx_hal_uart.o
       220        120          0          0          0       6764   stm32f4xx_it.o
       252         14          0          0          0       2811   stm32f4xx_ll_fsmc.o
      1388         42          0          0          0      21091   stm32f4xx_ll_sdmmc.o
         0          0          0          0          0        412   stream_buffer.o
       312         26         24          4          0      13744   sys_arch.o
        68          0          0          0          0       3472   syscall.o
        16          4         24          4          0       1159   system_stm32f4xx.o
      2748        202          0         60        240      28980   tasks.o
      5852       1888        201         32          0      34392   tcp.o
      5718       1324          0         36         16      19787   tcp_in.o
      7684       2930         85          0          0      33168   tcp_out.o
       912        368          0         16          0       7098   tcpip.o
       748        286         40         12          0       8079   timeouts.o
      3234       1512          0          8          0      14273   udp.o
       388        114          0         12          0       7569   udp_client.o
       568         64          0          0        396       3493   usart.o
       828         70          0          0          0       4736   w25qxx.o

    ----------------------------------------------------------------------
    111452      23234     177200       1128      88724    1649437   Object Totals
         0          0         32          0          0          0   (incl. Generated)
       100          4         14          5          9          0   (incl. Padding)

    ----------------------------------------------------------------------

      Code (inc. data)   RO Data    RW Data    ZI Data      Debug   Library Member Name

       154          0          0          0          0        140   roundf.o
        86          0          0          0          0          0   __dczerorl2.o
         0          0          0          0          0          0   entry.o
         0          0          0          0          0          0   entry10a.o
         0          0          0          0          0          0   entry11a.o
         4          0          0          0          0          0   entry12b.o
         8          4          0          0          0          0   entry2.o
         4          0          0          0          0          0   entry5.o
         0          0          0          0          0          0   entry7b.o
         0          0          0          0          0          0   entry8b.o
         8          4          0          0          0          0   entry9a.o
        30          0          0          0          0          0   handlers.o
        36          8          0          0          0         68   init.o
         0          0          0          0          0          0   iusefp.o
        30          0          0          0          0         68   llshl.o
        36          0          0          0          0         68   llsshr.o
        32          0          0          0          0         68   llushr.o
        26          0          0          0          0         80   memcmp.o
        64          0          0          0          0         76   memmovea.o
        36          0          0          0          0        108   memseta.o
      2268         96          0          0          0        616   printfa.o
        36         10          0          4          0        136   rand.o
         0          0          0          4          0          0   stdout.o
        14          0          0          0          0         68   strlen.o
        44          0          0          0          0         80   uidiv.o
        98          0          0          0          0         92   uldiv.o
        48          0          0          0          0         68   cdrcmple.o
       334          0          0          0          0        148   dadd.o
       222          0          0          0          0        100   ddiv.o
       186          0          0          0          0        176   depilogue.o
        48          0          0          0          0         68   dfixul.o
       228          0          0          0          0         96   dmul.o
        38          0          0          0          0         68   f2d.o
       110          0          0          0          0        168   fepilogue.o
        60          0          0          0          0         76   frnd.o

    ----------------------------------------------------------------------
      4292        122          0          8          0       2636   Library Totals
         4          0          0          0          0          0   (incl. Padding)

    ----------------------------------------------------------------------

      Code (inc. data)   RO Data    RW Data    ZI Data      Debug   Library Name

       154          0          0          0          0        140   m_wm.l
      2860        122          0          8          0       1528   mc_w.l
      1274          0          0          0          0        968   mf_w.l

    ----------------------------------------------------------------------
      4292        122          0          8          0       2636   Library Totals

    ----------------------------------------------------------------------

==============================================================================


      Code (inc. data)   RO Data    RW Data    ZI Data      Debug   

    115744      23356     177200       1136      88724    1601557   Grand Totals
    115744      23356     177200        232      88724    1601557   ELF Image Totals (compressed)
    115744      23356     177200        232          0          0   ROM Totals

==============================================================================

    Total RO  Size (Code + RO Data)               292944 ( 286.08kB)
    Total RW  Size (RW Data + ZI Data)             89860 (  87.75kB)
    Total ROM Size (Code + RO Data + RW Data)     293176 ( 286.30kB)

==============================================================================

