<html>
<body>
<pre>
<h1>µVision Build Log</h1>
<h2>Tool Versions:</h2>
IDE-Version: ¦ÌVision V5.36.0.0
Copyright (C) 2021 ARM Ltd and ARM Germany GmbH. All rights reserved.
License Information: Yuhang Jin, Personal, LIC=JL28G-V505H-UHN8H-WFPF3-1WVZ0-8C2NH
 
Tool Versions:
Toolchain:       MDK-ARM Plus  Version: 5.36.0.0
Toolchain Path:  D:\Program Files\Keil\ARM\ARMCC\Bin
C Compiler:      Armcc.exe V5.06 update 7 (build 960)
Assembler:       Armasm.exe V5.06 update 7 (build 960)
Linker/Locator:  ArmLink.exe V5.06 update 7 (build 960)
Library Manager: ArmAr.exe V5.06 update 7 (build 960)
Hex Converter:   FromElf.exe V5.06 update 7 (build 960)
CPU DLL:         SARMCM3.DLL V5.36.0.0
Dialog DLL:      DCM.DLL V1.17.3.0
Target DLL:      Segger\JL2CM3.dll V2.99.40.0
Dialog DLL:      TCM.DLL V1.53.0.0
 
<h2>Project:</h2>
D:\STM32F4_projects\Transformer_Monitor_System\MDK-ARM\Transformer_Monitor_System.uvprojx
Project File Date:  05/18/2022

<h2>Output:</h2>
*** Using Compiler 'V5.06 update 7 (build 960)', folder: 'D:\Program Files\Keil\ARM\ARMCC\Bin'
Build target 'Transformer_Monitor_System'
compiling spi.c...
compiling gpio.c...
compiling adc.c...
compiling iwdg.c...
compiling fsmc.c...
compiling sdio.c...
compiling rtc.c...
compiling i2c.c...
compiling dma.c...
compiling main.c...
compiling freertos.c...
compiling stm32f4xx_hal_msp.c...
compiling usart.c...
compiling W25Qxx.c...
compiling sht31.c...
compiling stm32f4xx_it.c...
compiling sd_diskio.c...
compiling sd_log.c...
compiling fatfs.c...
compiling ade7878.c...
compiling udp_client.c...
compiling ethernetif.c...
compiling chap_ms.c...
compiling chap-md5.c...
compiling syscall.c...
compiling auth.c...
compiling diskio.c...
compiling ccp.c...
compiling ff_gen_drv.c...
compiling cc936.c...
compiling chap-new.c...
compiling lwip.c...
compiling ff.c...
compiling eap.c...
compiling lcp.c...
compiling fsm.c...
compiling ipv6cp.c...
compiling mppe.c...
compiling multilink.c...
compiling eui64.c...
compiling magic.c...
compiling demand.c...
compiling ipcp.c...
compiling ppp.c...
compiling pppoe.c...
compiling pppcrypt.c...
compiling vj.c...
compiling utils.c...
compiling pppapi.c...
compiling pppos.c...
compiling upap.c...
compiling pppol2tp.c...
compiling bridgeif.c...
compiling ethernet.c...
compiling bridgeif_fdb.c...
compiling lowpan6_ble.c...
compiling ecp.c...
compiling lowpan6_common.c...
compiling lowpan6.c...
compiling zepif.c...
compiling netbuf.c...
compiling err.c...
compiling slipif.c...
compiling if_api.c...
compiling api_msg.c...
compiling api_lib.c...
compiling dns.c...
compiling altcp_alloc.c...
compiling altcp.c...
compiling def.c...
compiling altcp_tcp.c...
compiling netdb.c...
compiling netifapi.c...
compiling inet_chksum.c...
compiling tcpip.c...
compiling init.c...
compiling sockets.c...
compiling stats.c...
compiling raw.c...
compiling ip.c...
compiling sys.c...
compiling mem.c...
compiling netif.c...
compiling tcp_in.c...
compiling memp.c...
compiling tcp.c...
compiling pbuf.c...
compiling tcp_out.c...
compiling autoip.c...
compiling igmp.c...
compiling dhcp6.c...
compiling icmp.c...
compiling udp.c...
compiling ip4_addr.c...
compiling etharp.c...
compiling ip4.c...
compiling ip4_frag.c...
compiling timeouts.c...
compiling dhcp.c...
compiling ethip6.c...
compiling ip6.c...
compiling inet6.c...
compiling ip6_addr.c...
compiling mld6.c...
compiling nd6.c...
compiling icmp6.c...
compiling ip6_frag.c...
compiling sys_arch.c...
compiling mqtt.c...
linking...
Program Size: Code=115744 RO-data=177200 RW-data=1136 ZI-data=88724  
FromELF: creating hex file...
After Build - User command #1: fromelf.exe --bin -o  ./Transformer_Monitor_System/Transformer_Monitor_System.bin  ./Transformer_Monitor_System/Transformer_Monitor_System.axf
"Transformer_Monitor_System\Transformer_Monitor_System.axf" - 0 Error(s), 0 Warning(s).

<h2>Software Packages used:</h2>

Package Vendor: ARM
                http://www.keil.com/pack/ARM.CMSIS.5.8.0.pack
                ARM.CMSIS.5.8.0
                CMSIS (Common Microcontroller Software Interface Standard)
   * Component: CORE Version: 5.5.0

Package Vendor: Keil
                http://www.keil.com/pack/Keil.STM32F4xx_DFP.2.16.0.pack
                Keil.STM32F4xx_DFP.2.16.0
                STMicroelectronics STM32F4 Series Device Support, Drivers and Examples

<h2>Collection of Component include folders:</h2>
  .\RTE\_Transformer_Monitor_System
  D:\Program Files\Keil\ARM\PACK\ARM\CMSIS\5.8.0\CMSIS\Core\Include
  D:\Program Files\Keil\ARM\PACK\Keil\STM32F4xx_DFP\2.16.0\Drivers\CMSIS\Device\ST\STM32F4xx\Include

<h2>Collection of Component Files used:</h2>

   * Component: ARM::CMSIS:CORE:5.5.0
      Include file:  CMSIS\Core\Include\tz_context.h
Build Time Elapsed:  00:00:31
</pre>
</body>
</html>
